2024-10-02T06:47:34.539601+09:00 vm-2500e02c-78 kernel: audit: type=1400 audit(1727819254.488:118): apparmor="STATUS" operation="profile_replace" info="same as current profile, skipping" profile="unconfined" name="rsyslogd" pid=5430 comm="apparmor_parser"
2024-10-02T06:48:29.432187+09:00 vm-2500e02c-78 kernel: audit: type=1400 audit(1727819309.428:119): apparmor="STATUS" operation="profile_replace" profile="unconfined" name="/usr/lib/snapd/snap-confine" pid=16639 comm="apparmor_parser"
2024-10-02T06:48:29.434550+09:00 vm-2500e02c-78 kernel: audit: type=1400 audit(1727819309.433:120): apparmor="STATUS" operation="profile_replace" profile="unconfined" name="/usr/lib/snapd/snap-confine//mount-namespace-capture-helper" pid=16639 comm="apparmor_parser"
2024-10-02T06:48:30.920992+09:00 vm-2500e02c-78 kernel: loop0: detected capacity change from 0 to 8
2024-10-02T06:48:30.987553+09:00 vm-2500e02c-78 kernel: audit: type=1400 audit(1727819310.986:121): apparmor="STATUS" operation="profile_replace" profile="unconfined" name="/usr/lib/snapd/snap-confine" pid=16828 comm="apparmor_parser"
2024-10-02T06:48:30.993656+09:00 vm-2500e02c-78 kernel: audit: type=1400 audit(1727819310.992:122): apparmor="STATUS" operation="profile_replace" profile="unconfined" name="/usr/lib/snapd/snap-confine//mount-namespace-capture-helper" pid=16828 comm="apparmor_parser"
2024-10-03T05:16:16.839020+09:00 vm-2500e02c-78 kernel: Linux version 6.8.0-45-generic (buildd@lcy02-amd64-115) (x86_64-linux-gnu-gcc-13 (Ubuntu 13.2.0-23ubuntu4) 13.2.0, GNU ld (GNU Binutils for Ubuntu) 2.42) #45-Ubuntu SMP PREEMPT_DYNAMIC Fri Aug 30 12:02:04 UTC 2024 (Ubuntu 6.8.0-45.45-generic 6.8.12)
2024-10-03T05:16:16.844983+09:00 vm-2500e02c-78 kernel: Command line: BOOT_IMAGE=/boot/vmlinuz-6.8.0-45-generic root=UUID=f5e37620-3e71-45ca-8b38-f28a7725c49f ro console=tty0 console=ttyS0,115200n8 net.ifnames=0 biosdevname=0
2024-10-03T05:16:16.844989+09:00 vm-2500e02c-78 kernel: KERNEL supported cpus:
2024-10-03T05:16:16.844990+09:00 vm-2500e02c-78 kernel:   Intel GenuineIntel
2024-10-03T05:16:16.844990+09:00 vm-2500e02c-78 kernel:   AMD AuthenticAMD
2024-10-03T05:16:16.844991+09:00 vm-2500e02c-78 kernel:   Hygon HygonGenuine
2024-10-03T05:16:16.844991+09:00 vm-2500e02c-78 kernel:   Centaur CentaurHauls
2024-10-03T05:16:16.844993+09:00 vm-2500e02c-78 kernel:   zhaoxin   Shanghai  
2024-10-03T05:16:16.844994+09:00 vm-2500e02c-78 kernel: BIOS-provided physical RAM map:
2024-10-03T05:16:16.844995+09:00 vm-2500e02c-78 kernel: BIOS-e820: [mem 0x0000000000000000-0x000000000009fbff] usable
2024-10-03T05:16:16.844995+09:00 vm-2500e02c-78 kernel: BIOS-e820: [mem 0x000000000009fc00-0x000000000009ffff] reserved
2024-10-03T05:16:16.844996+09:00 vm-2500e02c-78 kernel: BIOS-e820: [mem 0x00000000000f0000-0x00000000000fffff] reserved
2024-10-03T05:16:16.844997+09:00 vm-2500e02c-78 kernel: BIOS-e820: [mem 0x0000000000100000-0x000000003ffdafff] usable
2024-10-03T05:16:16.844999+09:00 vm-2500e02c-78 kernel: BIOS-e820: [mem 0x000000003ffdb000-0x000000003fffffff] reserved
2024-10-03T05:16:16.844999+09:00 vm-2500e02c-78 kernel: BIOS-e820: [mem 0x00000000feffc000-0x00000000feffffff] reserved
2024-10-03T05:16:16.845000+09:00 vm-2500e02c-78 kernel: BIOS-e820: [mem 0x00000000fffc0000-0x00000000ffffffff] reserved
2024-10-03T05:16:16.845000+09:00 vm-2500e02c-78 kernel: NX (Execute Disable) protection: active
2024-10-03T05:16:16.845001+09:00 vm-2500e02c-78 kernel: APIC: Static calls initialized
2024-10-03T05:16:16.845001+09:00 vm-2500e02c-78 kernel: SMBIOS 2.8 present.
2024-10-03T05:16:16.845002+09:00 vm-2500e02c-78 kernel: DMI: OpenStack Foundation OpenStack Nova, BIOS 1.15.0-1 04/01/2014
2024-10-03T05:16:16.845003+09:00 vm-2500e02c-78 kernel: Hypervisor detected: KVM
2024-10-03T05:16:16.845004+09:00 vm-2500e02c-78 kernel: kvm-clock: Using msrs 4b564d01 and 4b564d00
2024-10-03T05:16:16.845004+09:00 vm-2500e02c-78 kernel: kvm-clock: using sched offset of 7138673056 cycles
2024-10-03T05:16:16.845005+09:00 vm-2500e02c-78 kernel: clocksource: kvm-clock: mask: 0xffffffffffffffff max_cycles: 0x1cd42e4dffb, max_idle_ns: 881590591483 ns
2024-10-03T05:16:16.845006+09:00 vm-2500e02c-78 kernel: tsc: Detected 2000.000 MHz processor
2024-10-03T05:16:16.845006+09:00 vm-2500e02c-78 kernel: e820: update [mem 0x00000000-0x00000fff] usable ==> reserved
2024-10-03T05:16:16.845008+09:00 vm-2500e02c-78 kernel: e820: remove [mem 0x000a0000-0x000fffff] usable
2024-10-03T05:16:16.845009+09:00 vm-2500e02c-78 kernel: last_pfn = 0x3ffdb max_arch_pfn = 0x10000000000
2024-10-03T05:16:16.845009+09:00 vm-2500e02c-78 kernel: MTRR map: 4 entries (3 fixed + 1 variable; max 19), built from 8 variable MTRRs
2024-10-03T05:16:16.845010+09:00 vm-2500e02c-78 kernel: x86/PAT: Configuration [0-7]: WB  WC  UC- UC  WB  WP  UC- WT  
2024-10-03T05:16:16.845010+09:00 vm-2500e02c-78 kernel: found SMP MP-table at [mem 0x000f5b60-0x000f5b6f]
2024-10-03T05:16:16.845011+09:00 vm-2500e02c-78 kernel: Using GB pages for direct mapping
2024-10-03T05:16:16.845012+09:00 vm-2500e02c-78 kernel: RAMDISK: [mem 0x2fff9000-0x33ff3fff]
2024-10-03T05:16:16.845013+09:00 vm-2500e02c-78 kernel: ACPI: Early table checksum verification disabled
2024-10-03T05:16:16.845013+09:00 vm-2500e02c-78 kernel: ACPI: RSDP 0x00000000000F5930 000014 (v00 BOCHS )
2024-10-03T05:16:16.845014+09:00 vm-2500e02c-78 kernel: ACPI: RSDT 0x000000003FFE184F 000030 (v01 BOCHS  BXPC     00000001 BXPC 00000001)
2024-10-03T05:16:16.845014+09:00 vm-2500e02c-78 kernel: ACPI: FACP 0x000000003FFE1733 000074 (v01 BOCHS  BXPC     00000001 BXPC 00000001)
2024-10-03T05:16:16.845015+09:00 vm-2500e02c-78 kernel: ACPI: DSDT 0x000000003FFE0040 0016F3 (v01 BOCHS  BXPC     00000001 BXPC 00000001)
2024-10-03T05:16:16.845015+09:00 vm-2500e02c-78 kernel: ACPI: FACS 0x000000003FFE0000 000040
2024-10-03T05:16:16.845017+09:00 vm-2500e02c-78 kernel: ACPI: APIC 0x000000003FFE17A7 000080 (v01 BOCHS  BXPC     00000001 BXPC 00000001)
2024-10-03T05:16:16.845018+09:00 vm-2500e02c-78 kernel: ACPI: WAET 0x000000003FFE1827 000028 (v01 BOCHS  BXPC     00000001 BXPC 00000001)
2024-10-03T05:16:16.845018+09:00 vm-2500e02c-78 kernel: ACPI: Reserving FACP table memory at [mem 0x3ffe1733-0x3ffe17a6]
2024-10-03T05:16:16.845019+09:00 vm-2500e02c-78 kernel: ACPI: Reserving DSDT table memory at [mem 0x3ffe0040-0x3ffe1732]
2024-10-03T05:16:16.845019+09:00 vm-2500e02c-78 kernel: ACPI: Reserving FACS table memory at [mem 0x3ffe0000-0x3ffe003f]
2024-10-03T05:16:16.845020+09:00 vm-2500e02c-78 kernel: ACPI: Reserving APIC table memory at [mem 0x3ffe17a7-0x3ffe1826]
2024-10-03T05:16:16.845022+09:00 vm-2500e02c-78 kernel: ACPI: Reserving WAET table memory at [mem 0x3ffe1827-0x3ffe184e]
2024-10-03T05:16:16.845022+09:00 vm-2500e02c-78 kernel: No NUMA configuration found
2024-10-03T05:16:16.845023+09:00 vm-2500e02c-78 kernel: Faking a node at [mem 0x0000000000000000-0x000000003ffdafff]
2024-10-03T05:16:16.845023+09:00 vm-2500e02c-78 kernel: NODE_DATA(0) allocated [mem 0x3ffb0000-0x3ffdafff]
2024-10-03T05:16:16.845024+09:00 vm-2500e02c-78 kernel: Zone ranges:
2024-10-03T05:16:16.845024+09:00 vm-2500e02c-78 kernel:   DMA      [mem 0x0000000000001000-0x0000000000ffffff]
2024-10-03T05:16:16.845025+09:00 vm-2500e02c-78 kernel:   DMA32    [mem 0x0000000001000000-0x000000003ffdafff]
2024-10-03T05:16:16.845027+09:00 vm-2500e02c-78 kernel:   Normal   empty
2024-10-03T05:16:16.845027+09:00 vm-2500e02c-78 kernel:   Device   empty
2024-10-03T05:16:16.845028+09:00 vm-2500e02c-78 kernel: Movable zone start for each node
2024-10-03T05:16:16.845028+09:00 vm-2500e02c-78 kernel: Early memory node ranges
2024-10-03T05:16:16.845029+09:00 vm-2500e02c-78 kernel:   node   0: [mem 0x0000000000001000-0x000000000009efff]
2024-10-03T05:16:16.845029+09:00 vm-2500e02c-78 kernel:   node   0: [mem 0x0000000000100000-0x000000003ffdafff]
2024-10-03T05:16:16.845031+09:00 vm-2500e02c-78 kernel: Initmem setup node 0 [mem 0x0000000000001000-0x000000003ffdafff]
2024-10-03T05:16:16.845031+09:00 vm-2500e02c-78 kernel: On node 0, zone DMA: 1 pages in unavailable ranges
2024-10-03T05:16:16.845032+09:00 vm-2500e02c-78 kernel: On node 0, zone DMA: 97 pages in unavailable ranges
2024-10-03T05:16:16.845032+09:00 vm-2500e02c-78 kernel: On node 0, zone DMA32: 37 pages in unavailable ranges
2024-10-03T05:16:16.845033+09:00 vm-2500e02c-78 kernel: ACPI: PM-Timer IO Port: 0x608
2024-10-03T05:16:16.845033+09:00 vm-2500e02c-78 kernel: ACPI: LAPIC_NMI (acpi_id[0xff] dfl dfl lint[0x1])
2024-10-03T05:16:16.845035+09:00 vm-2500e02c-78 kernel: IOAPIC[0]: apic_id 0, version 17, address 0xfec00000, GSI 0-23
2024-10-03T05:16:16.845036+09:00 vm-2500e02c-78 kernel: ACPI: INT_SRC_OVR (bus 0 bus_irq 0 global_irq 2 dfl dfl)
2024-10-03T05:16:16.845036+09:00 vm-2500e02c-78 kernel: ACPI: INT_SRC_OVR (bus 0 bus_irq 5 global_irq 5 high level)
2024-10-03T05:16:16.845036+09:00 vm-2500e02c-78 kernel: ACPI: INT_SRC_OVR (bus 0 bus_irq 9 global_irq 9 high level)
2024-10-03T05:16:16.845037+09:00 vm-2500e02c-78 kernel: ACPI: INT_SRC_OVR (bus 0 bus_irq 10 global_irq 10 high level)
2024-10-03T05:16:16.845038+09:00 vm-2500e02c-78 kernel: ACPI: INT_SRC_OVR (bus 0 bus_irq 11 global_irq 11 high level)
2024-10-03T05:16:16.845038+09:00 vm-2500e02c-78 kernel: ACPI: Using ACPI (MADT) for SMP configuration information
2024-10-03T05:16:16.845040+09:00 vm-2500e02c-78 kernel: TSC deadline timer available
2024-10-03T05:16:16.845040+09:00 vm-2500e02c-78 kernel: smpboot: Allowing 2 CPUs, 0 hotplug CPUs
2024-10-03T05:16:16.845041+09:00 vm-2500e02c-78 kernel: kvm-guest: APIC: eoi() replaced with kvm_guest_apic_eoi_write()
2024-10-03T05:16:16.845041+09:00 vm-2500e02c-78 kernel: PM: hibernation: Registered nosave memory: [mem 0x00000000-0x00000fff]
2024-10-03T05:16:16.845042+09:00 vm-2500e02c-78 kernel: PM: hibernation: Registered nosave memory: [mem 0x0009f000-0x0009ffff]
2024-10-03T05:16:16.845042+09:00 vm-2500e02c-78 kernel: PM: hibernation: Registered nosave memory: [mem 0x000a0000-0x000effff]
2024-10-03T05:16:16.845044+09:00 vm-2500e02c-78 kernel: PM: hibernation: Registered nosave memory: [mem 0x000f0000-0x000fffff]
2024-10-03T05:16:16.845045+09:00 vm-2500e02c-78 kernel: [mem 0x40000000-0xfeffbfff] available for PCI devices
2024-10-03T05:16:16.845045+09:00 vm-2500e02c-78 kernel: Booting paravirtualized kernel on KVM
2024-10-03T05:16:16.845046+09:00 vm-2500e02c-78 kernel: clocksource: refined-jiffies: mask: 0xffffffff max_cycles: 0xffffffff, max_idle_ns: 1910969940391419 ns
2024-10-03T05:16:16.845046+09:00 vm-2500e02c-78 kernel: setup_percpu: NR_CPUS:8192 nr_cpumask_bits:2 nr_cpu_ids:2 nr_node_ids:1
2024-10-03T05:16:16.845047+09:00 vm-2500e02c-78 kernel: percpu: Embedded 86 pages/cpu s229376 r8192 d114688 u1048576
2024-10-03T05:16:16.845050+09:00 vm-2500e02c-78 kernel: pcpu-alloc: s229376 r8192 d114688 u1048576 alloc=1*2097152
2024-10-03T05:16:16.845050+09:00 vm-2500e02c-78 kernel: pcpu-alloc: [0] 0 1 
2024-10-03T05:16:16.845051+09:00 vm-2500e02c-78 kernel: kvm-guest: PV spinlocks disabled, no host support
2024-10-03T05:16:16.845051+09:00 vm-2500e02c-78 kernel: Kernel command line: BOOT_IMAGE=/boot/vmlinuz-6.8.0-45-generic root=UUID=f5e37620-3e71-45ca-8b38-f28a7725c49f ro console=tty0 console=ttyS0,115200n8 net.ifnames=0 biosdevname=0
2024-10-03T05:16:16.845052+09:00 vm-2500e02c-78 kernel: Unknown kernel command line parameters "BOOT_IMAGE=/boot/vmlinuz-6.8.0-45-generic biosdevname=0", will be passed to user space.
2024-10-03T05:16:16.845053+09:00 vm-2500e02c-78 kernel: random: crng init done
2024-10-03T05:16:16.845055+09:00 vm-2500e02c-78 kernel: Dentry cache hash table entries: 131072 (order: 8, 1048576 bytes, linear)
2024-10-03T05:16:16.845055+09:00 vm-2500e02c-78 kernel: Inode-cache hash table entries: 65536 (order: 7, 524288 bytes, linear)
2024-10-03T05:16:16.845056+09:00 vm-2500e02c-78 kernel: Fallback order for Node 0: 0 
2024-10-03T05:16:16.845056+09:00 vm-2500e02c-78 kernel: Built 1 zonelists, mobility grouping on.  Total pages: 257755
2024-10-03T05:16:16.845057+09:00 vm-2500e02c-78 kernel: Policy zone: DMA32
2024-10-03T05:16:16.845057+09:00 vm-2500e02c-78 kernel: mem auto-init: stack:all(zero), heap alloc:on, heap free:off
2024-10-03T05:16:16.845058+09:00 vm-2500e02c-78 kernel: Memory: 910556K/1048036K available (22528K kernel code, 4442K rwdata, 14312K rodata, 4976K init, 4732K bss, 137276K reserved, 0K cma-reserved)
2024-10-03T05:16:16.845060+09:00 vm-2500e02c-78 kernel: SLUB: HWalign=64, Order=0-3, MinObjects=0, CPUs=2, Nodes=1
2024-10-03T05:16:16.845060+09:00 vm-2500e02c-78 kernel: ftrace: allocating 57892 entries in 227 pages
2024-10-03T05:16:16.845060+09:00 vm-2500e02c-78 kernel: ftrace: allocated 227 pages with 5 groups
2024-10-03T05:16:16.845061+09:00 vm-2500e02c-78 kernel: Dynamic Preempt: voluntary
2024-10-03T05:16:16.845061+09:00 vm-2500e02c-78 kernel: rcu: Preemptible hierarchical RCU implementation.
2024-10-03T05:16:16.845062+09:00 vm-2500e02c-78 kernel: rcu: 	RCU restricting CPUs from NR_CPUS=8192 to nr_cpu_ids=2.
2024-10-03T05:16:16.845064+09:00 vm-2500e02c-78 kernel: 	Trampoline variant of Tasks RCU enabled.
2024-10-03T05:16:16.845064+09:00 vm-2500e02c-78 kernel: 	Rude variant of Tasks RCU enabled.
2024-10-03T05:16:16.845065+09:00 vm-2500e02c-78 kernel: 	Tracing variant of Tasks RCU enabled.
2024-10-03T05:16:16.845065+09:00 vm-2500e02c-78 kernel: rcu: RCU calculated value of scheduler-enlistment delay is 100 jiffies.
2024-10-03T05:16:16.845066+09:00 vm-2500e02c-78 kernel: rcu: Adjusting geometry for rcu_fanout_leaf=16, nr_cpu_ids=2
2024-10-03T05:16:16.845103+09:00 vm-2500e02c-78 kernel: NR_IRQS: 524544, nr_irqs: 440, preallocated irqs: 16
2024-10-03T05:16:16.845105+09:00 vm-2500e02c-78 kernel: rcu: srcu_init: Setting srcu_struct sizes based on contention.
2024-10-03T05:16:16.845105+09:00 vm-2500e02c-78 kernel: Console: colour VGA+ 80x25
2024-10-03T05:16:16.845106+09:00 vm-2500e02c-78 kernel: printk: legacy console [tty0] enabled
2024-10-03T05:16:16.845106+09:00 vm-2500e02c-78 kernel: printk: legacy console [ttyS0] enabled
2024-10-03T05:16:16.845107+09:00 vm-2500e02c-78 kernel: ACPI: Core revision 20230628
2024-10-03T05:16:16.845107+09:00 vm-2500e02c-78 kernel: APIC: Switch to symmetric I/O mode setup
2024-10-03T05:16:16.845108+09:00 vm-2500e02c-78 kernel: x2apic enabled
2024-10-03T05:16:16.845110+09:00 vm-2500e02c-78 kernel: APIC: Switched APIC routing to: physical x2apic
2024-10-03T05:16:16.845110+09:00 vm-2500e02c-78 kernel: clocksource: tsc-early: mask: 0xffffffffffffffff max_cycles: 0x39a85c9bff6, max_idle_ns: 881590591483 ns
2024-10-03T05:16:16.845111+09:00 vm-2500e02c-78 kernel: Calibrating delay loop (skipped) preset value.. 4000.00 BogoMIPS (lpj=2000000)
2024-10-03T05:16:16.845111+09:00 vm-2500e02c-78 kernel: x86/cpu: User Mode Instruction Prevention (UMIP) activated
2024-10-03T05:16:16.845112+09:00 vm-2500e02c-78 kernel: Last level iTLB entries: 4KB 0, 2MB 0, 4MB 0
2024-10-03T05:16:16.845112+09:00 vm-2500e02c-78 kernel: Last level dTLB entries: 4KB 0, 2MB 0, 4MB 0, 1GB 0
2024-10-03T05:16:16.845114+09:00 vm-2500e02c-78 kernel: Spectre V1 : Mitigation: usercopy/swapgs barriers and __user pointer sanitization
2024-10-03T05:16:16.845115+09:00 vm-2500e02c-78 kernel: Spectre V2 : Spectre BHI mitigation: SW BHB clearing on vm exit
2024-10-03T05:16:16.845115+09:00 vm-2500e02c-78 kernel: Spectre V2 : Spectre BHI mitigation: SW BHB clearing on syscall
2024-10-03T05:16:16.845116+09:00 vm-2500e02c-78 kernel: Spectre V2 : Mitigation: Enhanced / Automatic IBRS
2024-10-03T05:16:16.845116+09:00 vm-2500e02c-78 kernel: Spectre V2 : Spectre v2 / SpectreRSB mitigation: Filling RSB on context switch
2024-10-03T05:16:16.845117+09:00 vm-2500e02c-78 kernel: Spectre V2 : mitigation: Enabling conditional Indirect Branch Prediction Barrier
2024-10-03T05:16:16.845119+09:00 vm-2500e02c-78 kernel: Speculative Store Bypass: Mitigation: Speculative Store Bypass disabled via prctl
2024-10-03T05:16:16.845119+09:00 vm-2500e02c-78 kernel: TAA: Mitigation: TSX disabled
2024-10-03T05:16:16.845120+09:00 vm-2500e02c-78 kernel: MMIO Stale Data: Vulnerable: Clear CPU buffers attempted, no microcode
2024-10-03T05:16:16.845120+09:00 vm-2500e02c-78 kernel: Register File Data Sampling: Vulnerable: No microcode
2024-10-03T05:16:16.845121+09:00 vm-2500e02c-78 kernel: x86/fpu: Supporting XSAVE feature 0x001: 'x87 floating point registers'
2024-10-03T05:16:16.845121+09:00 vm-2500e02c-78 kernel: x86/fpu: Supporting XSAVE feature 0x002: 'SSE registers'
2024-10-03T05:16:16.845121+09:00 vm-2500e02c-78 kernel: x86/fpu: Supporting XSAVE feature 0x004: 'AVX registers'
2024-10-03T05:16:16.845123+09:00 vm-2500e02c-78 kernel: x86/fpu: Supporting XSAVE feature 0x020: 'AVX-512 opmask'
2024-10-03T05:16:16.845124+09:00 vm-2500e02c-78 kernel: x86/fpu: Supporting XSAVE feature 0x040: 'AVX-512 Hi256'
2024-10-03T05:16:16.845124+09:00 vm-2500e02c-78 kernel: x86/fpu: Supporting XSAVE feature 0x080: 'AVX-512 ZMM_Hi256'
2024-10-03T05:16:16.845125+09:00 vm-2500e02c-78 kernel: x86/fpu: Supporting XSAVE feature 0x200: 'Protection Keys User registers'
2024-10-03T05:16:16.845125+09:00 vm-2500e02c-78 kernel: x86/fpu: xstate_offset[2]:  576, xstate_sizes[2]:  256
2024-10-03T05:16:16.845126+09:00 vm-2500e02c-78 kernel: x86/fpu: xstate_offset[5]:  832, xstate_sizes[5]:   64
2024-10-03T05:16:16.845128+09:00 vm-2500e02c-78 kernel: x86/fpu: xstate_offset[6]:  896, xstate_sizes[6]:  512
2024-10-03T05:16:16.845128+09:00 vm-2500e02c-78 kernel: x86/fpu: xstate_offset[7]: 1408, xstate_sizes[7]: 1024
2024-10-03T05:16:16.845129+09:00 vm-2500e02c-78 kernel: x86/fpu: xstate_offset[9]: 2432, xstate_sizes[9]:    8
2024-10-03T05:16:16.845129+09:00 vm-2500e02c-78 kernel: x86/fpu: Enabled xstate features 0x2e7, context size is 2440 bytes, using 'compacted' format.
2024-10-03T05:16:16.845130+09:00 vm-2500e02c-78 kernel: Freeing SMP alternatives memory: 48K
2024-10-03T05:16:16.845130+09:00 vm-2500e02c-78 kernel: pid_max: default: 32768 minimum: 301
2024-10-03T05:16:16.845132+09:00 vm-2500e02c-78 kernel: LSM: initializing lsm=lockdown,capability,landlock,yama,apparmor,integrity
2024-10-03T05:16:16.845132+09:00 vm-2500e02c-78 kernel: landlock: Up and running.
2024-10-03T05:16:16.845133+09:00 vm-2500e02c-78 kernel: Yama: becoming mindful.
2024-10-03T05:16:16.845133+09:00 vm-2500e02c-78 kernel: AppArmor: AppArmor initialized
2024-10-03T05:16:16.845134+09:00 vm-2500e02c-78 kernel: Mount-cache hash table entries: 2048 (order: 2, 16384 bytes, linear)
2024-10-03T05:16:16.845134+09:00 vm-2500e02c-78 kernel: Mountpoint-cache hash table entries: 2048 (order: 2, 16384 bytes, linear)
2024-10-03T05:16:16.845135+09:00 vm-2500e02c-78 kernel: smpboot: CPU0: Intel Xeon Processor (Icelake) (family: 0x6, model: 0x86, stepping: 0x0)
2024-10-03T05:16:16.845137+09:00 vm-2500e02c-78 kernel: RCU Tasks: Setting shift to 1 and lim to 1 rcu_task_cb_adjust=1.
2024-10-03T05:16:16.845137+09:00 vm-2500e02c-78 kernel: RCU Tasks Rude: Setting shift to 1 and lim to 1 rcu_task_cb_adjust=1.
2024-10-03T05:16:16.845138+09:00 vm-2500e02c-78 kernel: RCU Tasks Trace: Setting shift to 1 and lim to 1 rcu_task_cb_adjust=1.
2024-10-03T05:16:16.845138+09:00 vm-2500e02c-78 kernel: Performance Events: unsupported p6 CPU model 134 no PMU driver, software events only.
2024-10-03T05:16:16.845139+09:00 vm-2500e02c-78 kernel: signal: max sigframe size: 3632
2024-10-03T05:16:16.845139+09:00 vm-2500e02c-78 kernel: rcu: Hierarchical SRCU implementation.
2024-10-03T05:16:16.845141+09:00 vm-2500e02c-78 kernel: rcu: 	Max phase no-delay instances is 400.
2024-10-03T05:16:16.845141+09:00 vm-2500e02c-78 kernel: NMI watchdog: Perf NMI watchdog permanently disabled
2024-10-03T05:16:16.845144+09:00 vm-2500e02c-78 kernel: smp: Bringing up secondary CPUs ...
2024-10-03T05:16:16.845144+09:00 vm-2500e02c-78 kernel: smpboot: x86: Booting SMP configuration:
2024-10-03T05:16:16.845145+09:00 vm-2500e02c-78 kernel: .... node  #0, CPUs:      #1
2024-10-03T05:16:16.845145+09:00 vm-2500e02c-78 kernel: smpboot: CPU 1 Converting physical 0 to logical die 1
2024-10-03T05:16:16.845146+09:00 vm-2500e02c-78 kernel: smp: Brought up 1 node, 2 CPUs
2024-10-03T05:16:16.845148+09:00 vm-2500e02c-78 kernel: smpboot: Max logical packages: 2
2024-10-03T05:16:16.845148+09:00 vm-2500e02c-78 kernel: smpboot: Total of 2 processors activated (8000.00 BogoMIPS)
2024-10-03T05:16:16.845149+09:00 vm-2500e02c-78 kernel: devtmpfs: initialized
2024-10-03T05:16:16.845149+09:00 vm-2500e02c-78 kernel: x86/mm: Memory block size: 128MB
2024-10-03T05:16:16.845150+09:00 vm-2500e02c-78 kernel: clocksource: jiffies: mask: 0xffffffff max_cycles: 0xffffffff, max_idle_ns: 1911260446275000 ns
2024-10-03T05:16:16.845150+09:00 vm-2500e02c-78 kernel: futex hash table entries: 512 (order: 3, 32768 bytes, linear)
2024-10-03T05:16:16.845153+09:00 vm-2500e02c-78 kernel: pinctrl core: initialized pinctrl subsystem
2024-10-03T05:16:16.845153+09:00 vm-2500e02c-78 kernel: PM: RTC time: 20:16:11, date: 2024-10-02
2024-10-03T05:16:16.845154+09:00 vm-2500e02c-78 kernel: NET: Registered PF_NETLINK/PF_ROUTE protocol family
2024-10-03T05:16:16.845154+09:00 vm-2500e02c-78 kernel: DMA: preallocated 128 KiB GFP_KERNEL pool for atomic allocations
2024-10-03T05:16:16.845155+09:00 vm-2500e02c-78 kernel: DMA: preallocated 128 KiB GFP_KERNEL|GFP_DMA pool for atomic allocations
2024-10-03T05:16:16.845155+09:00 vm-2500e02c-78 kernel: DMA: preallocated 128 KiB GFP_KERNEL|GFP_DMA32 pool for atomic allocations
2024-10-03T05:16:16.845157+09:00 vm-2500e02c-78 kernel: audit: initializing netlink subsys (disabled)
2024-10-03T05:16:16.845158+09:00 vm-2500e02c-78 kernel: thermal_sys: Registered thermal governor 'fair_share'
2024-10-03T05:16:16.845158+09:00 vm-2500e02c-78 kernel: thermal_sys: Registered thermal governor 'bang_bang'
2024-10-03T05:16:16.845159+09:00 vm-2500e02c-78 kernel: thermal_sys: Registered thermal governor 'step_wise'
2024-10-03T05:16:16.845159+09:00 vm-2500e02c-78 kernel: audit: type=2000 audit(1727900172.042:1): state=initialized audit_enabled=0 res=1
2024-10-03T05:16:16.845160+09:00 vm-2500e02c-78 kernel: thermal_sys: Registered thermal governor 'user_space'
2024-10-03T05:16:16.845160+09:00 vm-2500e02c-78 kernel: thermal_sys: Registered thermal governor 'power_allocator'
2024-10-03T05:16:16.845162+09:00 vm-2500e02c-78 kernel: EISA bus registered
2024-10-03T05:16:16.845162+09:00 vm-2500e02c-78 kernel: cpuidle: using governor ladder
2024-10-03T05:16:16.845163+09:00 vm-2500e02c-78 kernel: cpuidle: using governor menu
2024-10-03T05:16:16.845163+09:00 vm-2500e02c-78 kernel: acpiphp: ACPI Hot Plug PCI Controller Driver version: 0.5
2024-10-03T05:16:16.845164+09:00 vm-2500e02c-78 kernel: PCI: Using configuration type 1 for base access
2024-10-03T05:16:16.845164+09:00 vm-2500e02c-78 kernel: kprobes: kprobe jump-optimization is enabled. All kprobes are optimized if possible.
2024-10-03T05:16:16.845166+09:00 vm-2500e02c-78 kernel: HugeTLB: registered 1.00 GiB page size, pre-allocated 0 pages
2024-10-03T05:16:16.845166+09:00 vm-2500e02c-78 kernel: HugeTLB: 16380 KiB vmemmap can be freed for a 1.00 GiB page
2024-10-03T05:16:16.845167+09:00 vm-2500e02c-78 kernel: HugeTLB: registered 2.00 MiB page size, pre-allocated 0 pages
2024-10-03T05:16:16.845167+09:00 vm-2500e02c-78 kernel: HugeTLB: 28 KiB vmemmap can be freed for a 2.00 MiB page
2024-10-03T05:16:16.845168+09:00 vm-2500e02c-78 kernel: ACPI: Added _OSI(Module Device)
2024-10-03T05:16:16.845168+09:00 vm-2500e02c-78 kernel: ACPI: Added _OSI(Processor Device)
2024-10-03T05:16:16.845169+09:00 vm-2500e02c-78 kernel: ACPI: Added _OSI(3.0 _SCP Extensions)
2024-10-03T05:16:16.845170+09:00 vm-2500e02c-78 kernel: ACPI: Added _OSI(Processor Aggregator Device)
2024-10-03T05:16:16.845171+09:00 vm-2500e02c-78 kernel: ACPI: 1 ACPI AML tables successfully acquired and loaded
2024-10-03T05:16:16.845171+09:00 vm-2500e02c-78 kernel: ACPI: _OSC evaluation for CPUs failed, trying _PDC
2024-10-03T05:16:16.845172+09:00 vm-2500e02c-78 kernel: ACPI: Interpreter enabled
2024-10-03T05:16:16.845172+09:00 vm-2500e02c-78 kernel: ACPI: PM: (supports S0 S3 S4 S5)
2024-10-03T05:16:16.845173+09:00 vm-2500e02c-78 kernel: ACPI: Using IOAPIC for interrupt routing
2024-10-03T05:16:16.845180+09:00 vm-2500e02c-78 kernel: PCI: Using host bridge windows from ACPI; if necessary, use "pci=nocrs" and report a bug
2024-10-03T05:16:16.845180+09:00 vm-2500e02c-78 kernel: PCI: Using E820 reservations for host bridge windows
2024-10-03T05:16:16.845181+09:00 vm-2500e02c-78 kernel: ACPI: Enabled 2 GPEs in block 00 to 0F
2024-10-03T05:16:16.845181+09:00 vm-2500e02c-78 kernel: ACPI: PCI Root Bridge [PCI0] (domain 0000 [bus 00-ff])
2024-10-03T05:16:16.845182+09:00 vm-2500e02c-78 kernel: acpi PNP0A03:00: _OSC: OS supports [ASPM ClockPM Segments MSI EDR HPX-Type3]
2024-10-03T05:16:16.845182+09:00 vm-2500e02c-78 kernel: acpi PNP0A03:00: _OSC: not requesting OS control; OS requires [ExtendedConfig ASPM ClockPM MSI]
2024-10-03T05:16:16.845185+09:00 vm-2500e02c-78 kernel: acpi PNP0A03:00: fail to add MMCONFIG information, can't access extended configuration space under this bridge
2024-10-03T05:16:16.845186+09:00 vm-2500e02c-78 kernel: acpiphp: Slot [3] registered
2024-10-03T05:16:16.845186+09:00 vm-2500e02c-78 kernel: acpiphp: Slot [4] registered
2024-10-03T05:16:16.845187+09:00 vm-2500e02c-78 kernel: acpiphp: Slot [5] registered
2024-10-03T05:16:16.845187+09:00 vm-2500e02c-78 kernel: acpiphp: Slot [6] registered
2024-10-03T05:16:16.845188+09:00 vm-2500e02c-78 kernel: acpiphp: Slot [7] registered
2024-10-03T05:16:16.845188+09:00 vm-2500e02c-78 kernel: acpiphp: Slot [8] registered
2024-10-03T05:16:16.845191+09:00 vm-2500e02c-78 kernel: acpiphp: Slot [9] registered
2024-10-03T05:16:16.845191+09:00 vm-2500e02c-78 kernel: acpiphp: Slot [10] registered
2024-10-03T05:16:16.845192+09:00 vm-2500e02c-78 kernel: acpiphp: Slot [11] registered
2024-10-03T05:16:16.845192+09:00 vm-2500e02c-78 kernel: acpiphp: Slot [12] registered
2024-10-03T05:16:16.845224+09:00 vm-2500e02c-78 kernel: acpiphp: Slot [13] registered
2024-10-03T05:16:16.845224+09:00 vm-2500e02c-78 kernel: acpiphp: Slot [14] registered
2024-10-03T05:16:16.845227+09:00 vm-2500e02c-78 kernel: acpiphp: Slot [15] registered
2024-10-03T05:16:16.845228+09:00 vm-2500e02c-78 kernel: acpiphp: Slot [16] registered
2024-10-03T05:16:16.845228+09:00 vm-2500e02c-78 kernel: acpiphp: Slot [17] registered
2024-10-03T05:16:16.845229+09:00 vm-2500e02c-78 kernel: acpiphp: Slot [18] registered
2024-10-03T05:16:16.845229+09:00 vm-2500e02c-78 kernel: acpiphp: Slot [19] registered
2024-10-03T05:16:16.845230+09:00 vm-2500e02c-78 kernel: acpiphp: Slot [20] registered
2024-10-03T05:16:16.845232+09:00 vm-2500e02c-78 kernel: acpiphp: Slot [21] registered
2024-10-03T05:16:16.845233+09:00 vm-2500e02c-78 kernel: acpiphp: Slot [22] registered
2024-10-03T05:16:16.845233+09:00 vm-2500e02c-78 kernel: acpiphp: Slot [23] registered
2024-10-03T05:16:16.845234+09:00 vm-2500e02c-78 kernel: acpiphp: Slot [24] registered
2024-10-03T05:16:16.845234+09:00 vm-2500e02c-78 kernel: acpiphp: Slot [25] registered
2024-10-03T05:16:16.845235+09:00 vm-2500e02c-78 kernel: acpiphp: Slot [26] registered
2024-10-03T05:16:16.845235+09:00 vm-2500e02c-78 kernel: acpiphp: Slot [27] registered
2024-10-03T05:16:16.845238+09:00 vm-2500e02c-78 kernel: acpiphp: Slot [28] registered
2024-10-03T05:16:16.845238+09:00 vm-2500e02c-78 kernel: acpiphp: Slot [29] registered
2024-10-03T05:16:16.845239+09:00 vm-2500e02c-78 kernel: acpiphp: Slot [30] registered
2024-10-03T05:16:16.845239+09:00 vm-2500e02c-78 kernel: acpiphp: Slot [31] registered
2024-10-03T05:16:16.845240+09:00 vm-2500e02c-78 kernel: PCI host bridge to bus 0000:00
2024-10-03T05:16:16.845240+09:00 vm-2500e02c-78 kernel: pci_bus 0000:00: root bus resource [io  0x0000-0x0cf7 window]
2024-10-03T05:16:16.845243+09:00 vm-2500e02c-78 kernel: pci_bus 0000:00: root bus resource [io  0x0d00-0xffff window]
2024-10-03T05:16:16.845243+09:00 vm-2500e02c-78 kernel: pci_bus 0000:00: root bus resource [mem 0x000a0000-0x000bffff window]
2024-10-03T05:16:16.845244+09:00 vm-2500e02c-78 kernel: pci_bus 0000:00: root bus resource [mem 0x40000000-0xfebfffff window]
2024-10-03T05:16:16.845244+09:00 vm-2500e02c-78 kernel: pci_bus 0000:00: root bus resource [mem 0x100000000-0x17fffffff window]
2024-10-03T05:16:16.845245+09:00 vm-2500e02c-78 kernel: pci_bus 0000:00: root bus resource [bus 00-ff]
2024-10-03T05:16:16.845245+09:00 vm-2500e02c-78 kernel: pci 0000:00:00.0: [8086:1237] type 00 class 0x060000 conventional PCI endpoint
2024-10-03T05:16:16.845246+09:00 vm-2500e02c-78 kernel: pci 0000:00:01.0: [8086:7000] type 00 class 0x060100 conventional PCI endpoint
2024-10-03T05:16:16.845249+09:00 vm-2500e02c-78 kernel: pci 0000:00:01.1: [8086:7010] type 00 class 0x010180 conventional PCI endpoint
2024-10-03T05:16:16.845249+09:00 vm-2500e02c-78 kernel: pci 0000:00:01.1: BAR 4 [io  0xc180-0xc18f]
2024-10-03T05:16:16.845250+09:00 vm-2500e02c-78 kernel: pci 0000:00:01.1: BAR 0 [io  0x01f0-0x01f7]: legacy IDE quirk
2024-10-03T05:16:16.845250+09:00 vm-2500e02c-78 kernel: pci 0000:00:01.1: BAR 1 [io  0x03f6]: legacy IDE quirk
2024-10-03T05:16:16.845251+09:00 vm-2500e02c-78 kernel: pci 0000:00:01.1: BAR 2 [io  0x0170-0x0177]: legacy IDE quirk
2024-10-03T05:16:16.845251+09:00 vm-2500e02c-78 kernel: pci 0000:00:01.1: BAR 3 [io  0x0376]: legacy IDE quirk
2024-10-03T05:16:16.845254+09:00 vm-2500e02c-78 kernel: pci 0000:00:01.2: [8086:7020] type 00 class 0x0c0300 conventional PCI endpoint
2024-10-03T05:16:16.845254+09:00 vm-2500e02c-78 kernel: pci 0000:00:01.2: BAR 4 [io  0xc140-0xc15f]
2024-10-03T05:16:16.845255+09:00 vm-2500e02c-78 kernel: pci 0000:00:01.3: [8086:7113] type 00 class 0x068000 conventional PCI endpoint
2024-10-03T05:16:16.845255+09:00 vm-2500e02c-78 kernel: pci 0000:00:01.3: quirk: [io  0x0600-0x063f] claimed by PIIX4 ACPI
2024-10-03T05:16:16.845256+09:00 vm-2500e02c-78 kernel: pci 0000:00:01.3: quirk: [io  0x0700-0x070f] claimed by PIIX4 SMB
2024-10-03T05:16:16.845256+09:00 vm-2500e02c-78 kernel: pci 0000:00:02.0: [1234:1111] type 00 class 0x030000 conventional PCI endpoint
2024-10-03T05:16:16.845259+09:00 vm-2500e02c-78 kernel: pci 0000:00:02.0: BAR 0 [mem 0xfd000000-0xfdffffff pref]
2024-10-03T05:16:16.845259+09:00 vm-2500e02c-78 kernel: pci 0000:00:02.0: BAR 2 [mem 0xfeb90000-0xfeb90fff]
2024-10-03T05:16:16.845260+09:00 vm-2500e02c-78 kernel: pci 0000:00:02.0: ROM [mem 0xfeb80000-0xfeb8ffff pref]
2024-10-03T05:16:16.845260+09:00 vm-2500e02c-78 kernel: pci 0000:00:02.0: Video device with shadowed ROM at [mem 0x000c0000-0x000dffff]
2024-10-03T05:16:16.845261+09:00 vm-2500e02c-78 kernel: pci 0000:00:03.0: [1af4:1000] type 00 class 0x020000 conventional PCI endpoint
2024-10-03T05:16:16.845261+09:00 vm-2500e02c-78 kernel: pci 0000:00:03.0: BAR 0 [io  0xc080-0xc0bf]
2024-10-03T05:16:16.845262+09:00 vm-2500e02c-78 kernel: pci 0000:00:03.0: BAR 1 [mem 0xfeb91000-0xfeb91fff]
2024-10-03T05:16:16.845268+09:00 vm-2500e02c-78 kernel: pci 0000:00:03.0: BAR 4 [mem 0xfe000000-0xfe003fff 64bit pref]
2024-10-03T05:16:16.845268+09:00 vm-2500e02c-78 kernel: pci 0000:00:03.0: ROM [mem 0xfeb00000-0xfeb7ffff pref]
2024-10-03T05:16:16.845269+09:00 vm-2500e02c-78 kernel: pci 0000:00:04.0: [1af4:1003] type 00 class 0x078000 conventional PCI endpoint
2024-10-03T05:16:16.845269+09:00 vm-2500e02c-78 kernel: pci 0000:00:04.0: BAR 0 [io  0xc0c0-0xc0ff]
2024-10-03T05:16:16.845270+09:00 vm-2500e02c-78 kernel: pci 0000:00:04.0: BAR 1 [mem 0xfeb92000-0xfeb92fff]
2024-10-03T05:16:16.845270+09:00 vm-2500e02c-78 kernel: pci 0000:00:04.0: BAR 4 [mem 0xfe004000-0xfe007fff 64bit pref]
2024-10-03T05:16:16.845273+09:00 vm-2500e02c-78 kernel: pci 0000:00:05.0: [1af4:1001] type 00 class 0x010000 conventional PCI endpoint
2024-10-03T05:16:16.845273+09:00 vm-2500e02c-78 kernel: pci 0000:00:05.0: BAR 0 [io  0xc000-0xc07f]
2024-10-03T05:16:16.845274+09:00 vm-2500e02c-78 kernel: pci 0000:00:05.0: BAR 1 [mem 0xfeb93000-0xfeb93fff]
2024-10-03T05:16:16.845274+09:00 vm-2500e02c-78 kernel: pci 0000:00:05.0: BAR 4 [mem 0xfe008000-0xfe00bfff 64bit pref]
2024-10-03T05:16:16.845275+09:00 vm-2500e02c-78 kernel: pci 0000:00:06.0: [1af4:1002] type 00 class 0x00ff00 conventional PCI endpoint
2024-10-03T05:16:16.845275+09:00 vm-2500e02c-78 kernel: pci 0000:00:06.0: BAR 0 [io  0xc100-0xc13f]
2024-10-03T05:16:16.845276+09:00 vm-2500e02c-78 kernel: pci 0000:00:06.0: BAR 4 [mem 0xfe00c000-0xfe00ffff 64bit pref]
2024-10-03T05:16:16.845278+09:00 vm-2500e02c-78 kernel: pci 0000:00:07.0: [1af4:1005] type 00 class 0x00ff00 conventional PCI endpoint
2024-10-03T05:16:16.845279+09:00 vm-2500e02c-78 kernel: pci 0000:00:07.0: BAR 0 [io  0xc160-0xc17f]
2024-10-03T05:16:16.845279+09:00 vm-2500e02c-78 kernel: pci 0000:00:07.0: BAR 4 [mem 0xfe010000-0xfe013fff 64bit pref]
2024-10-03T05:16:16.845280+09:00 vm-2500e02c-78 kernel: ACPI: PCI: Interrupt link LNKA configured for IRQ 10
2024-10-03T05:16:16.845280+09:00 vm-2500e02c-78 kernel: ACPI: PCI: Interrupt link LNKB configured for IRQ 10
2024-10-03T05:16:16.845281+09:00 vm-2500e02c-78 kernel: ACPI: PCI: Interrupt link LNKC configured for IRQ 11
2024-10-03T05:16:16.845283+09:00 vm-2500e02c-78 kernel: ACPI: PCI: Interrupt link LNKD configured for IRQ 11
2024-10-03T05:16:16.845284+09:00 vm-2500e02c-78 kernel: ACPI: PCI: Interrupt link LNKS configured for IRQ 9
2024-10-03T05:16:16.845284+09:00 vm-2500e02c-78 kernel: iommu: Default domain type: Translated
2024-10-03T05:16:16.845285+09:00 vm-2500e02c-78 kernel: iommu: DMA domain TLB invalidation policy: lazy mode
2024-10-03T05:16:16.845285+09:00 vm-2500e02c-78 kernel: SCSI subsystem initialized
2024-10-03T05:16:16.845286+09:00 vm-2500e02c-78 kernel: libata version 3.00 loaded.
2024-10-03T05:16:16.845288+09:00 vm-2500e02c-78 kernel: ACPI: bus type USB registered
2024-10-03T05:16:16.845289+09:00 vm-2500e02c-78 kernel: usbcore: registered new interface driver usbfs
2024-10-03T05:16:16.845289+09:00 vm-2500e02c-78 kernel: usbcore: registered new interface driver hub
2024-10-03T05:16:16.845290+09:00 vm-2500e02c-78 kernel: usbcore: registered new device driver usb
2024-10-03T05:16:16.845290+09:00 vm-2500e02c-78 kernel: pps_core: LinuxPPS API ver. 1 registered
2024-10-03T05:16:16.845291+09:00 vm-2500e02c-78 kernel: pps_core: Software ver. 5.3.6 - Copyright 2005-2007 Rodolfo Giometti <giometti@linux.it>
2024-10-03T05:16:16.845291+09:00 vm-2500e02c-78 kernel: PTP clock support registered
2024-10-03T05:16:16.845294+09:00 vm-2500e02c-78 kernel: EDAC MC: Ver: 3.0.0
2024-10-03T05:16:16.845294+09:00 vm-2500e02c-78 kernel: NetLabel: Initializing
2024-10-03T05:16:16.845295+09:00 vm-2500e02c-78 kernel: NetLabel:  domain hash size = 128
2024-10-03T05:16:16.845295+09:00 vm-2500e02c-78 kernel: NetLabel:  protocols = UNLABELED CIPSOv4 CALIPSO
2024-10-03T05:16:16.845296+09:00 vm-2500e02c-78 kernel: NetLabel:  unlabeled traffic allowed by default
2024-10-03T05:16:16.845296+09:00 vm-2500e02c-78 kernel: mctp: management component transport protocol core
2024-10-03T05:16:16.845299+09:00 vm-2500e02c-78 kernel: NET: Registered PF_MCTP protocol family
2024-10-03T05:16:16.845299+09:00 vm-2500e02c-78 kernel: PCI: Using ACPI for IRQ routing
2024-10-03T05:16:16.845300+09:00 vm-2500e02c-78 kernel: PCI: pci_cache_line_size set to 64 bytes
2024-10-03T05:16:16.845300+09:00 vm-2500e02c-78 kernel: e820: reserve RAM buffer [mem 0x0009fc00-0x0009ffff]
2024-10-03T05:16:16.845301+09:00 vm-2500e02c-78 kernel: e820: reserve RAM buffer [mem 0x3ffdb000-0x3fffffff]
2024-10-03T05:16:16.845301+09:00 vm-2500e02c-78 kernel: pci 0000:00:02.0: vgaarb: setting as boot VGA device
2024-10-03T05:16:16.845301+09:00 vm-2500e02c-78 kernel: pci 0000:00:02.0: vgaarb: bridge control possible
2024-10-03T05:16:16.845304+09:00 vm-2500e02c-78 kernel: pci 0000:00:02.0: vgaarb: VGA device added: decodes=io+mem,owns=io+mem,locks=none
2024-10-03T05:16:16.845305+09:00 vm-2500e02c-78 kernel: vgaarb: loaded
2024-10-03T05:16:16.845305+09:00 vm-2500e02c-78 kernel: clocksource: Switched to clocksource kvm-clock
2024-10-03T05:16:16.845306+09:00 vm-2500e02c-78 kernel: VFS: Disk quotas dquot_6.6.0
2024-10-03T05:16:16.845306+09:00 vm-2500e02c-78 kernel: VFS: Dquot-cache hash table entries: 512 (order 0, 4096 bytes)
2024-10-03T05:16:16.845307+09:00 vm-2500e02c-78 kernel: AppArmor: AppArmor Filesystem Enabled
2024-10-03T05:16:16.845309+09:00 vm-2500e02c-78 kernel: pnp: PnP ACPI init
2024-10-03T05:16:16.845310+09:00 vm-2500e02c-78 kernel: pnp 00:03: [dma 2]
2024-10-03T05:16:16.845310+09:00 vm-2500e02c-78 kernel: pnp: PnP ACPI: found 5 devices
2024-10-03T05:16:16.845311+09:00 vm-2500e02c-78 kernel: clocksource: acpi_pm: mask: 0xffffff max_cycles: 0xffffff, max_idle_ns: 2085701024 ns
2024-10-03T05:16:16.845311+09:00 vm-2500e02c-78 kernel: NET: Registered PF_INET protocol family
2024-10-03T05:16:16.845312+09:00 vm-2500e02c-78 kernel: IP idents hash table entries: 16384 (order: 5, 131072 bytes, linear)
2024-10-03T05:16:16.845314+09:00 vm-2500e02c-78 kernel: tcp_listen_portaddr_hash hash table entries: 512 (order: 1, 8192 bytes, linear)
2024-10-03T05:16:16.845315+09:00 vm-2500e02c-78 kernel: Table-perturb hash table entries: 65536 (order: 6, 262144 bytes, linear)
2024-10-03T05:16:16.845316+09:00 vm-2500e02c-78 kernel: TCP established hash table entries: 8192 (order: 4, 65536 bytes, linear)
2024-10-03T05:16:16.845316+09:00 vm-2500e02c-78 kernel: TCP bind hash table entries: 8192 (order: 6, 262144 bytes, linear)
2024-10-03T05:16:16.845317+09:00 vm-2500e02c-78 kernel: TCP: Hash tables configured (established 8192 bind 8192)
2024-10-03T05:16:16.845317+09:00 vm-2500e02c-78 kernel: MPTCP token hash table entries: 1024 (order: 2, 24576 bytes, linear)
2024-10-03T05:16:16.845318+09:00 vm-2500e02c-78 kernel: UDP hash table entries: 512 (order: 2, 16384 bytes, linear)
2024-10-03T05:16:16.845320+09:00 vm-2500e02c-78 kernel: UDP-Lite hash table entries: 512 (order: 2, 16384 bytes, linear)
2024-10-03T05:16:16.845321+09:00 vm-2500e02c-78 kernel: NET: Registered PF_UNIX/PF_LOCAL protocol family
2024-10-03T05:16:16.845321+09:00 vm-2500e02c-78 kernel: NET: Registered PF_XDP protocol family
2024-10-03T05:16:16.845322+09:00 vm-2500e02c-78 kernel: pci_bus 0000:00: resource 4 [io  0x0000-0x0cf7 window]
2024-10-03T05:16:16.845322+09:00 vm-2500e02c-78 kernel: pci_bus 0000:00: resource 5 [io  0x0d00-0xffff window]
2024-10-03T05:16:16.845323+09:00 vm-2500e02c-78 kernel: pci_bus 0000:00: resource 6 [mem 0x000a0000-0x000bffff window]
2024-10-03T05:16:16.845355+09:00 vm-2500e02c-78 kernel: pci_bus 0000:00: resource 7 [mem 0x40000000-0xfebfffff window]
2024-10-03T05:16:16.845356+09:00 vm-2500e02c-78 kernel: pci_bus 0000:00: resource 8 [mem 0x100000000-0x17fffffff window]
2024-10-03T05:16:16.845356+09:00 vm-2500e02c-78 kernel: pci 0000:00:01.0: PIIX3: Enabling Passive Release
2024-10-03T05:16:16.845357+09:00 vm-2500e02c-78 kernel: pci 0000:00:00.0: Limiting direct PCI/PCI transfers
2024-10-03T05:16:16.845357+09:00 vm-2500e02c-78 kernel: ACPI: \_SB_.LNKD: Enabled at IRQ 11
2024-10-03T05:16:16.845358+09:00 vm-2500e02c-78 kernel: pci 0000:00:01.2: quirk_usb_early_handoff+0x0/0x190 took 25615 usecs
2024-10-03T05:16:16.845358+09:00 vm-2500e02c-78 kernel: PCI: CLS 0 bytes, default 64
2024-10-03T05:16:16.845361+09:00 vm-2500e02c-78 kernel: Trying to unpack rootfs image as initramfs...
2024-10-03T05:16:16.845361+09:00 vm-2500e02c-78 kernel: clocksource: tsc: mask: 0xffffffffffffffff max_cycles: 0x39a85c9bff6, max_idle_ns: 881590591483 ns
2024-10-03T05:16:16.845362+09:00 vm-2500e02c-78 kernel: Initialise system trusted keyrings
2024-10-03T05:16:16.845362+09:00 vm-2500e02c-78 kernel: Key type blacklist registered
2024-10-03T05:16:16.845363+09:00 vm-2500e02c-78 kernel: workingset: timestamp_bits=36 max_order=18 bucket_order=0
2024-10-03T05:16:16.845363+09:00 vm-2500e02c-78 kernel: zbud: loaded
2024-10-03T05:16:16.845366+09:00 vm-2500e02c-78 kernel: squashfs: version 4.0 (2009/01/31) Phillip Lougher
2024-10-03T05:16:16.845367+09:00 vm-2500e02c-78 kernel: fuse: init (API version 7.39)
2024-10-03T05:16:16.845367+09:00 vm-2500e02c-78 kernel: integrity: Platform Keyring initialized
2024-10-03T05:16:16.845367+09:00 vm-2500e02c-78 kernel: integrity: Machine keyring initialized
2024-10-03T05:16:16.845368+09:00 vm-2500e02c-78 kernel: Key type asymmetric registered
2024-10-03T05:16:16.845368+09:00 vm-2500e02c-78 kernel: Asymmetric key parser 'x509' registered
2024-10-03T05:16:16.845371+09:00 vm-2500e02c-78 kernel: Block layer SCSI generic (bsg) driver version 0.4 loaded (major 243)
2024-10-03T05:16:16.845372+09:00 vm-2500e02c-78 kernel: io scheduler mq-deadline registered
2024-10-03T05:16:16.845372+09:00 vm-2500e02c-78 kernel: shpchp: Standard Hot Plug PCI Controller Driver version: 0.4
2024-10-03T05:16:16.845373+09:00 vm-2500e02c-78 kernel: input: Power Button as /devices/LNXSYSTM:00/LNXPWRBN:00/input/input0
2024-10-03T05:16:16.845373+09:00 vm-2500e02c-78 kernel: ACPI: button: Power Button [PWRF]
2024-10-03T05:16:16.845373+09:00 vm-2500e02c-78 kernel: ACPI: \_SB_.LNKC: Enabled at IRQ 10
2024-10-03T05:16:16.845374+09:00 vm-2500e02c-78 kernel: ACPI: \_SB_.LNKA: Enabled at IRQ 10
2024-10-03T05:16:16.845378+09:00 vm-2500e02c-78 kernel: ACPI: \_SB_.LNKB: Enabled at IRQ 11
2024-10-03T05:16:16.845378+09:00 vm-2500e02c-78 kernel: Serial: 8250/16550 driver, 32 ports, IRQ sharing enabled
2024-10-03T05:16:16.845379+09:00 vm-2500e02c-78 kernel: 00:00: ttyS0 at I/O 0x3f8 (irq = 4, base_baud = 115200) is a 16550A
2024-10-03T05:16:16.845379+09:00 vm-2500e02c-78 kernel: Freeing initrd memory: 65516K
2024-10-03T05:16:16.845380+09:00 vm-2500e02c-78 kernel: Linux agpgart interface v0.103
2024-10-03T05:16:16.845380+09:00 vm-2500e02c-78 kernel: loop: module loaded
2024-10-03T05:16:16.845383+09:00 vm-2500e02c-78 kernel: virtio_blk virtio2: 2/0/0 default/read/poll queues
2024-10-03T05:16:16.845383+09:00 vm-2500e02c-78 kernel: virtio_blk virtio2: [vda] 209715200 512-byte logical blocks (107 GB/100 GiB)
2024-10-03T05:16:16.845384+09:00 vm-2500e02c-78 kernel:  vda: vda1 vda2
2024-10-03T05:16:16.845384+09:00 vm-2500e02c-78 kernel: ata_piix 0000:00:01.1: version 2.13
2024-10-03T05:16:16.845385+09:00 vm-2500e02c-78 kernel: scsi host0: ata_piix
2024-10-03T05:16:16.845385+09:00 vm-2500e02c-78 kernel: scsi host1: ata_piix
2024-10-03T05:16:16.845386+09:00 vm-2500e02c-78 kernel: ata1: PATA max MWDMA2 cmd 0x1f0 ctl 0x3f6 bmdma 0xc180 irq 14 lpm-pol 0
2024-10-03T05:16:16.845388+09:00 vm-2500e02c-78 kernel: ata2: PATA max MWDMA2 cmd 0x170 ctl 0x376 bmdma 0xc188 irq 15 lpm-pol 0
2024-10-03T05:16:16.845389+09:00 vm-2500e02c-78 kernel: ACPI: bus type drm_connector registered
2024-10-03T05:16:16.845389+09:00 vm-2500e02c-78 kernel: tun: Universal TUN/TAP device driver, 1.6
2024-10-03T05:16:16.845390+09:00 vm-2500e02c-78 kernel: PPP generic driver version 2.4.2
2024-10-03T05:16:16.845390+09:00 vm-2500e02c-78 kernel: uhci_hcd 0000:00:01.2: UHCI Host Controller
2024-10-03T05:16:16.845391+09:00 vm-2500e02c-78 kernel: uhci_hcd 0000:00:01.2: new USB bus registered, assigned bus number 1
2024-10-03T05:16:16.845393+09:00 vm-2500e02c-78 kernel: uhci_hcd 0000:00:01.2: detected 2 ports
2024-10-03T05:16:16.845394+09:00 vm-2500e02c-78 kernel: uhci_hcd 0000:00:01.2: irq 11, io port 0x0000c140
2024-10-03T05:16:16.845394+09:00 vm-2500e02c-78 kernel: usb usb1: New USB device found, idVendor=1d6b, idProduct=0001, bcdDevice= 6.08
2024-10-03T05:16:16.845395+09:00 vm-2500e02c-78 kernel: usb usb1: New USB device strings: Mfr=3, Product=2, SerialNumber=1
2024-10-03T05:16:16.845395+09:00 vm-2500e02c-78 kernel: usb usb1: Product: UHCI Host Controller
2024-10-03T05:16:16.845396+09:00 vm-2500e02c-78 kernel: usb usb1: Manufacturer: Linux 6.8.0-45-generic uhci_hcd
2024-10-03T05:16:16.845399+09:00 vm-2500e02c-78 kernel: usb usb1: SerialNumber: 0000:00:01.2
2024-10-03T05:16:16.845399+09:00 vm-2500e02c-78 kernel: hub 1-0:1.0: USB hub found
2024-10-03T05:16:16.845400+09:00 vm-2500e02c-78 kernel: hub 1-0:1.0: 2 ports detected
2024-10-03T05:16:16.845400+09:00 vm-2500e02c-78 kernel: i8042: PNP: PS/2 Controller [PNP0303:KBD,PNP0f13:MOU] at 0x60,0x64 irq 1,12
2024-10-03T05:16:16.845400+09:00 vm-2500e02c-78 kernel: serio: i8042 KBD port at 0x60,0x64 irq 1
2024-10-03T05:16:16.845401+09:00 vm-2500e02c-78 kernel: serio: i8042 AUX port at 0x60,0x64 irq 12
2024-10-03T05:16:16.845401+09:00 vm-2500e02c-78 kernel: mousedev: PS/2 mouse device common for all mice
2024-10-03T05:16:16.845404+09:00 vm-2500e02c-78 kernel: rtc_cmos 00:04: RTC can wake from S4
2024-10-03T05:16:16.845405+09:00 vm-2500e02c-78 kernel: input: AT Translated Set 2 keyboard as /devices/platform/i8042/serio0/input/input1
2024-10-03T05:16:16.845405+09:00 vm-2500e02c-78 kernel: rtc_cmos 00:04: registered as rtc0
2024-10-03T05:16:16.845406+09:00 vm-2500e02c-78 kernel: rtc_cmos 00:04: setting system clock to 2024-10-02T20:16:12 UTC (1727900172)
2024-10-03T05:16:16.845406+09:00 vm-2500e02c-78 kernel: rtc_cmos 00:04: alarms up to one day, y3k, 242 bytes nvram
2024-10-03T05:16:16.845406+09:00 vm-2500e02c-78 kernel: i2c_dev: i2c /dev entries driver
2024-10-03T05:16:16.845409+09:00 vm-2500e02c-78 kernel: device-mapper: core: CONFIG_IMA_DISABLE_HTABLE is disabled. Duplicate IMA measurements will not be recorded in the IMA log.
2024-10-03T05:16:16.845410+09:00 vm-2500e02c-78 kernel: device-mapper: uevent: version 1.0.3
2024-10-03T05:16:16.845410+09:00 vm-2500e02c-78 kernel: device-mapper: ioctl: 4.48.0-ioctl (2023-03-01) initialised: dm-devel@redhat.com
2024-10-03T05:16:16.845411+09:00 vm-2500e02c-78 kernel: platform eisa.0: Probing EISA bus 0
2024-10-03T05:16:16.845411+09:00 vm-2500e02c-78 kernel: platform eisa.0: EISA: Cannot allocate resource for mainboard
2024-10-03T05:16:16.845412+09:00 vm-2500e02c-78 kernel: platform eisa.0: Cannot allocate resource for EISA slot 1
2024-10-03T05:16:16.845414+09:00 vm-2500e02c-78 kernel: platform eisa.0: Cannot allocate resource for EISA slot 2
2024-10-03T05:16:16.845415+09:00 vm-2500e02c-78 kernel: platform eisa.0: Cannot allocate resource for EISA slot 3
2024-10-03T05:16:16.845415+09:00 vm-2500e02c-78 kernel: platform eisa.0: Cannot allocate resource for EISA slot 4
2024-10-03T05:16:16.845416+09:00 vm-2500e02c-78 kernel: platform eisa.0: Cannot allocate resource for EISA slot 5
2024-10-03T05:16:16.845416+09:00 vm-2500e02c-78 kernel: platform eisa.0: Cannot allocate resource for EISA slot 6
2024-10-03T05:16:16.845417+09:00 vm-2500e02c-78 kernel: platform eisa.0: Cannot allocate resource for EISA slot 7
2024-10-03T05:16:16.845417+09:00 vm-2500e02c-78 kernel: platform eisa.0: Cannot allocate resource for EISA slot 8
2024-10-03T05:16:16.845420+09:00 vm-2500e02c-78 kernel: platform eisa.0: EISA: Detected 0 cards
2024-10-03T05:16:16.845420+09:00 vm-2500e02c-78 kernel: intel_pstate: CPU model not supported
2024-10-03T05:16:16.845421+09:00 vm-2500e02c-78 kernel: ledtrig-cpu: registered to indicate activity on CPUs
2024-10-03T05:16:16.845421+09:00 vm-2500e02c-78 kernel: drop_monitor: Initializing network drop monitor service
2024-10-03T05:16:16.845422+09:00 vm-2500e02c-78 kernel: NET: Registered PF_INET6 protocol family
2024-10-03T05:16:16.845422+09:00 vm-2500e02c-78 kernel: Segment Routing with IPv6
2024-10-03T05:16:16.845425+09:00 vm-2500e02c-78 kernel: In-situ OAM (IOAM) with IPv6
2024-10-03T05:16:16.845425+09:00 vm-2500e02c-78 kernel: NET: Registered PF_PACKET protocol family
2024-10-03T05:16:16.845426+09:00 vm-2500e02c-78 kernel: Key type dns_resolver registered
2024-10-03T05:16:16.845426+09:00 vm-2500e02c-78 kernel: IPI shorthand broadcast: enabled
2024-10-03T05:16:16.845427+09:00 vm-2500e02c-78 kernel: sched_clock: Marking stable (540001742, 96933323)->(730168703, -93233638)
2024-10-03T05:16:16.845427+09:00 vm-2500e02c-78 kernel: registered taskstats version 1
2024-10-03T05:16:16.845428+09:00 vm-2500e02c-78 kernel: Loading compiled-in X.509 certificates
2024-10-03T05:16:16.845430+09:00 vm-2500e02c-78 kernel: Loaded X.509 cert 'Build time autogenerated kernel key: 7e025e0cbc510606ab90d1bfb5b71bc9263fcc8e'
2024-10-03T05:16:16.845431+09:00 vm-2500e02c-78 kernel: Loaded X.509 cert 'Canonical Ltd. Live Patch Signing: 14df34d1a87cf37625abec039ef2bf521249b969'
2024-10-03T05:16:16.845431+09:00 vm-2500e02c-78 kernel: Loaded X.509 cert 'Canonical Ltd. Kernel Module Signing: 88f752e560a1e0737e31163a466ad7b70a850c19'
2024-10-03T05:16:16.845432+09:00 vm-2500e02c-78 kernel: blacklist: Loading compiled-in revocation X.509 certificates
2024-10-03T05:16:16.845432+09:00 vm-2500e02c-78 kernel: Loaded X.509 cert 'Canonical Ltd. Secure Boot Signing: 61482aa2830d0ab2ad5af10b7250da9033ddcef0'
2024-10-03T05:16:16.845433+09:00 vm-2500e02c-78 kernel: Loaded X.509 cert 'Canonical Ltd. Secure Boot Signing (2017): 242ade75ac4a15e50d50c84b0d45ff3eae707a03'
2024-10-03T05:16:16.845436+09:00 vm-2500e02c-78 kernel: Loaded X.509 cert 'Canonical Ltd. Secure Boot Signing (ESM 2018): 365188c1d374d6b07c3c8f240f8ef722433d6a8b'
2024-10-03T05:16:16.845436+09:00 vm-2500e02c-78 kernel: Loaded X.509 cert 'Canonical Ltd. Secure Boot Signing (2019): c0746fd6c5da3ae827864651ad66ae47fe24b3e8'
2024-10-03T05:16:16.845437+09:00 vm-2500e02c-78 kernel: Loaded X.509 cert 'Canonical Ltd. Secure Boot Signing (2021 v1): a8d54bbb3825cfb94fa13c9f8a594a195c107b8d'
2024-10-03T05:16:16.845437+09:00 vm-2500e02c-78 kernel: Loaded X.509 cert 'Canonical Ltd. Secure Boot Signing (2021 v2): 4cf046892d6fd3c9a5b03f98d845f90851dc6a8c'
2024-10-03T05:16:16.845438+09:00 vm-2500e02c-78 kernel: Loaded X.509 cert 'Canonical Ltd. Secure Boot Signing (2021 v3): 100437bb6de6e469b581e61cd66bce3ef4ed53af'
2024-10-03T05:16:16.845441+09:00 vm-2500e02c-78 kernel: Loaded X.509 cert 'Canonical Ltd. Secure Boot Signing (Ubuntu Core 2019): c1d57b8f6b743f23ee41f4f7ee292f06eecadfb9'
2024-10-03T05:16:16.845441+09:00 vm-2500e02c-78 kernel: Key type .fscrypt registered
2024-10-03T05:16:16.845442+09:00 vm-2500e02c-78 kernel: Key type fscrypt-provisioning registered
2024-10-03T05:16:16.845442+09:00 vm-2500e02c-78 kernel: cryptd: max_cpu_qlen set to 1000
2024-10-03T05:16:16.845443+09:00 vm-2500e02c-78 kernel: ata1: found unknown device (class 0)
2024-10-03T05:16:16.845443+09:00 vm-2500e02c-78 kernel: ata1.00: ATAPI: QEMU DVD-ROM, 2.5+, max UDMA/100
2024-10-03T05:16:16.845446+09:00 vm-2500e02c-78 kernel: scsi 0:0:0:0: CD-ROM            QEMU     QEMU DVD-ROM     2.5+ PQ: 0 ANSI: 5
2024-10-03T05:16:16.845446+09:00 vm-2500e02c-78 kernel: sr 0:0:0:0: [sr0] scsi3-mmc drive: 4x/4x cd/rw xa/form2 tray
2024-10-03T05:16:16.845447+09:00 vm-2500e02c-78 kernel: cdrom: Uniform CD-ROM driver Revision: 3.20
2024-10-03T05:16:16.845447+09:00 vm-2500e02c-78 kernel: sr 0:0:0:0: Attached scsi CD-ROM sr0
2024-10-03T05:16:16.845448+09:00 vm-2500e02c-78 kernel: sr 0:0:0:0: Attached scsi generic sg0 type 5
2024-10-03T05:16:16.845448+09:00 vm-2500e02c-78 kernel: AVX2 version of gcm_enc/dec engaged.
2024-10-03T05:16:16.845478+09:00 vm-2500e02c-78 kernel: AES CTR mode by8 optimization enabled
2024-10-03T05:16:16.845481+09:00 vm-2500e02c-78 kernel: Key type encrypted registered
2024-10-03T05:16:16.845482+09:00 vm-2500e02c-78 kernel: AppArmor: AppArmor sha256 policy hashing enabled
2024-10-03T05:16:16.845482+09:00 vm-2500e02c-78 kernel: ima: No TPM chip found, activating TPM-bypass!
2024-10-03T05:16:16.845482+09:00 vm-2500e02c-78 kernel: Loading compiled-in module X.509 certificates
2024-10-03T05:16:16.845490+09:00 vm-2500e02c-78 kernel: Loaded X.509 cert 'Build time autogenerated kernel key: 7e025e0cbc510606ab90d1bfb5b71bc9263fcc8e'
2024-10-03T05:16:16.845490+09:00 vm-2500e02c-78 kernel: ima: Allocated hash algorithm: sha256
2024-10-03T05:16:16.845494+09:00 vm-2500e02c-78 kernel: ima: No architecture policies found
2024-10-03T05:16:16.845495+09:00 vm-2500e02c-78 kernel: evm: Initialising EVM extended attributes:
2024-10-03T05:16:16.845495+09:00 vm-2500e02c-78 kernel: evm: security.selinux
2024-10-03T05:16:16.845495+09:00 vm-2500e02c-78 kernel: evm: security.SMACK64
2024-10-03T05:16:16.845496+09:00 vm-2500e02c-78 kernel: evm: security.SMACK64EXEC
2024-10-03T05:16:16.845496+09:00 vm-2500e02c-78 kernel: evm: security.SMACK64TRANSMUTE
2024-10-03T05:16:16.845497+09:00 vm-2500e02c-78 kernel: evm: security.SMACK64MMAP
2024-10-03T05:16:16.845500+09:00 vm-2500e02c-78 kernel: evm: security.apparmor
2024-10-03T05:16:16.845500+09:00 vm-2500e02c-78 kernel: evm: security.ima
2024-10-03T05:16:16.845501+09:00 vm-2500e02c-78 kernel: evm: security.capability
2024-10-03T05:16:16.845501+09:00 vm-2500e02c-78 kernel: evm: HMAC attrs: 0x1
2024-10-03T05:16:16.845502+09:00 vm-2500e02c-78 kernel: PM:   Magic number: 12:17:295
2024-10-03T05:16:16.845502+09:00 vm-2500e02c-78 kernel: ata_device dev2.1: hash matches
2024-10-03T05:16:16.845505+09:00 vm-2500e02c-78 kernel:  dev2.1: hash matches
2024-10-03T05:16:16.845505+09:00 vm-2500e02c-78 kernel: tty tty28: hash matches
2024-10-03T05:16:16.845506+09:00 vm-2500e02c-78 kernel: RAS: Correctable Errors collector initialized.
2024-10-03T05:16:16.845506+09:00 vm-2500e02c-78 kernel: clk: Disabling unused clocks
2024-10-03T05:16:16.845507+09:00 vm-2500e02c-78 kernel: Freeing unused decrypted memory: 2028K
2024-10-03T05:16:16.845507+09:00 vm-2500e02c-78 kernel: Freeing unused kernel image (initmem) memory: 4976K
2024-10-03T05:16:16.845510+09:00 vm-2500e02c-78 kernel: Write protecting the kernel read-only data: 36864k
2024-10-03T05:16:16.845510+09:00 vm-2500e02c-78 kernel: Freeing unused kernel image (rodata/data gap) memory: 24K
2024-10-03T05:16:16.845511+09:00 vm-2500e02c-78 kernel: x86/mm: Checked W+X mappings: passed, no W+X pages found.
2024-10-03T05:16:16.845511+09:00 vm-2500e02c-78 kernel: Run /init as init process
2024-10-03T05:16:16.845512+09:00 vm-2500e02c-78 kernel:   with arguments:
2024-10-03T05:16:16.845512+09:00 vm-2500e02c-78 kernel:     /init
2024-10-03T05:16:16.845513+09:00 vm-2500e02c-78 kernel:   with environment:
2024-10-03T05:16:16.845515+09:00 vm-2500e02c-78 kernel:     HOME=/
2024-10-03T05:16:16.845516+09:00 vm-2500e02c-78 kernel:     TERM=linux
2024-10-03T05:16:16.845516+09:00 vm-2500e02c-78 kernel:     BOOT_IMAGE=/boot/vmlinuz-6.8.0-45-generic
2024-10-03T05:16:16.845517+09:00 vm-2500e02c-78 kernel:     biosdevname=0
2024-10-03T05:16:16.845517+09:00 vm-2500e02c-78 kernel: usb 1-1: new full-speed USB device number 2 using uhci_hcd
2024-10-03T05:16:16.845518+09:00 vm-2500e02c-78 kernel: bochs-drm 0000:00:02.0: vgaarb: deactivate vga console
2024-10-03T05:16:16.845520+09:00 vm-2500e02c-78 kernel: Console: switching to colour dummy device 80x25
2024-10-03T05:16:16.845521+09:00 vm-2500e02c-78 kernel: [drm] Found bochs VGA, ID 0xb0c5.
2024-10-03T05:16:16.845521+09:00 vm-2500e02c-78 kernel: [drm] Framebuffer size 16384 kB @ 0xfd000000, mmio @ 0xfeb90000.
2024-10-03T05:16:16.845522+09:00 vm-2500e02c-78 kernel: [drm] Found EDID data blob.
2024-10-03T05:16:16.845522+09:00 vm-2500e02c-78 kernel: [drm] Initialized bochs-drm 1.0.0 20130925 for 0000:00:02.0 on minor 0
2024-10-03T05:16:16.845523+09:00 vm-2500e02c-78 kernel: FDC 0 is a S82078B
2024-10-03T05:16:16.845523+09:00 vm-2500e02c-78 kernel: fbcon: bochs-drmdrmfb (fb0) is primary device
2024-10-03T05:16:16.845526+09:00 vm-2500e02c-78 kernel: input: VirtualPS/2 VMware VMMouse as /devices/platform/i8042/serio1/input/input4
2024-10-03T05:16:16.845526+09:00 vm-2500e02c-78 kernel: input: VirtualPS/2 VMware VMMouse as /devices/platform/i8042/serio1/input/input3
2024-10-03T05:16:16.845527+09:00 vm-2500e02c-78 kernel: Console: switching to colour frame buffer device 128x48
2024-10-03T05:16:16.845527+09:00 vm-2500e02c-78 kernel: bochs-drm 0000:00:02.0: [drm] fb0: bochs-drmdrmfb frame buffer device
2024-10-03T05:16:16.845528+09:00 vm-2500e02c-78 kernel: usb 1-1: New USB device found, idVendor=0627, idProduct=0001, bcdDevice= 0.00
2024-10-03T05:16:16.845528+09:00 vm-2500e02c-78 kernel: usb 1-1: New USB device strings: Mfr=1, Product=3, SerialNumber=10
2024-10-03T05:16:16.845531+09:00 vm-2500e02c-78 kernel: usb 1-1: Product: QEMU USB Tablet
2024-10-03T05:16:16.845532+09:00 vm-2500e02c-78 kernel: usb 1-1: Manufacturer: QEMU
2024-10-03T05:16:16.845532+09:00 vm-2500e02c-78 kernel: usb 1-1: SerialNumber: 28754-0000:00:01.2-1
2024-10-03T05:16:16.845533+09:00 vm-2500e02c-78 kernel: usb 1-2: new full-speed USB device number 3 using uhci_hcd
2024-10-03T05:16:16.845533+09:00 vm-2500e02c-78 kernel: usb 1-2: New USB device found, idVendor=0627, idProduct=0001, bcdDevice= 0.00
2024-10-03T05:16:16.845534+09:00 vm-2500e02c-78 kernel: usb 1-2: New USB device strings: Mfr=1, Product=4, SerialNumber=11
2024-10-03T05:16:16.845536+09:00 vm-2500e02c-78 kernel: usb 1-2: Product: QEMU USB Keyboard
2024-10-03T05:16:16.845537+09:00 vm-2500e02c-78 kernel: usb 1-2: Manufacturer: QEMU
2024-10-03T05:16:16.845537+09:00 vm-2500e02c-78 kernel: usb 1-2: SerialNumber: 68284-0000:00:01.2-2
2024-10-03T05:16:16.845538+09:00 vm-2500e02c-78 kernel: hid: raw HID events driver (C) Jiri Kosina
2024-10-03T05:16:16.845538+09:00 vm-2500e02c-78 kernel: usbcore: registered new interface driver usbhid
2024-10-03T05:16:16.845539+09:00 vm-2500e02c-78 kernel: usbhid: USB HID core driver
2024-10-03T05:16:16.845539+09:00 vm-2500e02c-78 kernel: input: QEMU QEMU USB Tablet as /devices/pci0000:00/0000:00:01.2/usb1/1-1/1-1:1.0/0003:0627:0001.0001/input/input5
2024-10-03T05:16:16.845542+09:00 vm-2500e02c-78 kernel: hid-generic 0003:0627:0001.0001: input,hidraw0: USB HID v0.01 Mouse [QEMU QEMU USB Tablet] on usb-0000:00:01.2-1/input0
2024-10-03T05:16:16.845542+09:00 vm-2500e02c-78 kernel: input: QEMU QEMU USB Keyboard as /devices/pci0000:00/0000:00:01.2/usb1/1-2/1-2:1.0/0003:0627:0001.0002/input/input6
2024-10-03T05:16:16.845543+09:00 vm-2500e02c-78 kernel: hid-generic 0003:0627:0001.0002: input,hidraw1: USB HID v1.11 Keyboard [QEMU QEMU USB Keyboard] on usb-0000:00:01.2-2/input0
2024-10-03T05:16:16.845544+09:00 vm-2500e02c-78 kernel: raid6: avx512x4 gen() 27767 MB/s
2024-10-03T05:16:16.845544+09:00 vm-2500e02c-78 kernel: raid6: avx512x2 gen() 31031 MB/s
2024-10-03T05:16:16.845547+09:00 vm-2500e02c-78 kernel: raid6: avx512x1 gen() 19504 MB/s
2024-10-03T05:16:16.845547+09:00 vm-2500e02c-78 kernel: raid6: avx2x4   gen() 24829 MB/s
2024-10-03T05:16:16.845548+09:00 vm-2500e02c-78 kernel: raid6: avx2x2   gen() 25659 MB/s
2024-10-03T05:16:16.845548+09:00 vm-2500e02c-78 kernel: raid6: avx2x1   gen() 23603 MB/s
2024-10-03T05:16:16.845549+09:00 vm-2500e02c-78 kernel: raid6: using algorithm avx512x2 gen() 31031 MB/s
2024-10-03T05:16:16.845549+09:00 vm-2500e02c-78 kernel: raid6: .... xor() 18621 MB/s, rmw enabled
2024-10-03T05:16:16.845550+09:00 vm-2500e02c-78 kernel: raid6: using avx512x2 recovery algorithm
2024-10-03T05:16:16.845552+09:00 vm-2500e02c-78 kernel: xor: automatically using best checksumming function   avx       
2024-10-03T05:16:16.845553+09:00 vm-2500e02c-78 kernel: async_tx: api initialized (async)
2024-10-03T05:16:16.845553+09:00 vm-2500e02c-78 kernel: Btrfs loaded, zoned=yes, fsverity=yes
2024-10-03T05:16:16.845554+09:00 vm-2500e02c-78 kernel: EXT4-fs (vda2): mounted filesystem f5e37620-3e71-45ca-8b38-f28a7725c49f ro with ordered data mode. Quota mode: none.
2024-10-03T05:16:16.845633+09:00 vm-2500e02c-78 kernel: EXT4-fs (vda2): re-mounted f5e37620-3e71-45ca-8b38-f28a7725c49f r/w. Quota mode: none.
2024-10-03T05:16:16.845634+09:00 vm-2500e02c-78 kernel: Adding 2097148k swap on /var/spool/swap/swapfile.  Priority:-2 extents:25 across:3063804k 
2024-10-03T05:16:16.845638+09:00 vm-2500e02c-78 kernel: audit: type=1400 audit(1727900174.580:2): apparmor="STATUS" operation="profile_load" profile="unconfined" name="Discord" pid=387 comm="apparmor_parser"
2024-10-03T05:16:16.845638+09:00 vm-2500e02c-78 kernel: audit: type=1400 audit(1727900174.580:3): apparmor="STATUS" operation="profile_load" profile="unconfined" name="1password" pid=386 comm="apparmor_parser"
2024-10-03T05:16:16.845639+09:00 vm-2500e02c-78 kernel: audit: type=1400 audit(1727900174.584:4): apparmor="STATUS" operation="profile_load" profile="unconfined" name="QtWebEngineProcess" pid=395 comm="apparmor_parser"
2024-10-03T05:16:16.845640+09:00 vm-2500e02c-78 kernel: audit: type=1400 audit(1727900174.585:5): apparmor="STATUS" operation="profile_load" profile="unconfined" name=4D6F6E676F444220436F6D70617373 pid=394 comm="apparmor_parser"
2024-10-03T05:16:16.845640+09:00 vm-2500e02c-78 kernel: audit: type=1400 audit(1727900174.586:6): apparmor="STATUS" operation="profile_load" profile="unconfined" name="brave" pid=396 comm="apparmor_parser"
2024-10-03T05:16:16.845643+09:00 vm-2500e02c-78 kernel: audit: type=1400 audit(1727900174.587:7): apparmor="STATUS" operation="profile_load" profile="unconfined" name="buildah" pid=397 comm="apparmor_parser"
2024-10-03T05:16:16.845643+09:00 vm-2500e02c-78 kernel: audit: type=1400 audit(1727900174.588:8): apparmor="STATUS" operation="profile_load" profile="unconfined" name="busybox" pid=398 comm="apparmor_parser"
2024-10-03T05:16:16.845644+09:00 vm-2500e02c-78 kernel: audit: type=1400 audit(1727900174.589:9): apparmor="STATUS" operation="profile_load" profile="unconfined" name="cam" pid=400 comm="apparmor_parser"
2024-10-03T05:16:16.845644+09:00 vm-2500e02c-78 kernel: audit: type=1400 audit(1727900174.591:10): apparmor="STATUS" operation="profile_load" profile="unconfined" name="ch-checkns" pid=401 comm="apparmor_parser"
2024-10-03T05:16:16.845645+09:00 vm-2500e02c-78 kernel: piix4_smbus 0000:00:01.3: SMBus Host Controller at 0x700, revision 0
2024-10-03T05:16:16.845645+09:00 vm-2500e02c-78 kernel: cfg80211: Loading compiled-in X.509 certificates for regulatory database
2024-10-03T05:16:16.845648+09:00 vm-2500e02c-78 kernel: Loaded X.509 cert 'sforshee: 00b28ddf47aef9cea7'
2024-10-03T05:16:16.845649+09:00 vm-2500e02c-78 kernel: Loaded X.509 cert 'wens: 61c038651aabdcf94bd0ac7ff06c7248db18c600'
2024-10-03T05:16:16.916758+09:00 vm-2500e02c-78 kernel: loop0: detected capacity change from 0 to 8
2024-10-03T05:16:16.985764+09:00 vm-2500e02c-78 kernel: NET: Registered PF_QIPCRTR protocol family
2024-10-03T06:19:48.719915+09:00 vm-2500e02c-78 kernel: Linux version 6.8.0-45-generic (buildd@lcy02-amd64-115) (x86_64-linux-gnu-gcc-13 (Ubuntu 13.2.0-23ubuntu4) 13.2.0, GNU ld (GNU Binutils for Ubuntu) 2.42) #45-Ubuntu SMP PREEMPT_DYNAMIC Fri Aug 30 12:02:04 UTC 2024 (Ubuntu 6.8.0-45.45-generic 6.8.12)
2024-10-03T06:19:48.726100+09:00 vm-2500e02c-78 kernel: Command line: BOOT_IMAGE=/boot/vmlinuz-6.8.0-45-generic root=UUID=f5e37620-3e71-45ca-8b38-f28a7725c49f ro console=tty0 console=ttyS0,115200n8 net.ifnames=0 biosdevname=0
2024-10-03T06:19:48.726107+09:00 vm-2500e02c-78 kernel: KERNEL supported cpus:
2024-10-03T06:19:48.726108+09:00 vm-2500e02c-78 kernel:   Intel GenuineIntel
2024-10-03T06:19:48.726108+09:00 vm-2500e02c-78 kernel:   AMD AuthenticAMD
2024-10-03T06:19:48.726109+09:00 vm-2500e02c-78 kernel:   Hygon HygonGenuine
2024-10-03T06:19:48.726109+09:00 vm-2500e02c-78 kernel:   Centaur CentaurHauls
2024-10-03T06:19:48.726111+09:00 vm-2500e02c-78 kernel:   zhaoxin   Shanghai  
2024-10-03T06:19:48.726112+09:00 vm-2500e02c-78 kernel: BIOS-provided physical RAM map:
2024-10-03T06:19:48.726112+09:00 vm-2500e02c-78 kernel: BIOS-e820: [mem 0x0000000000000000-0x000000000009fbff] usable
2024-10-03T06:19:48.726113+09:00 vm-2500e02c-78 kernel: BIOS-e820: [mem 0x000000000009fc00-0x000000000009ffff] reserved
2024-10-03T06:19:48.726114+09:00 vm-2500e02c-78 kernel: BIOS-e820: [mem 0x00000000000f0000-0x00000000000fffff] reserved
2024-10-03T06:19:48.726114+09:00 vm-2500e02c-78 kernel: BIOS-e820: [mem 0x0000000000100000-0x000000003ffdafff] usable
2024-10-03T06:19:48.726118+09:00 vm-2500e02c-78 kernel: BIOS-e820: [mem 0x000000003ffdb000-0x000000003fffffff] reserved
2024-10-03T06:19:48.726118+09:00 vm-2500e02c-78 kernel: BIOS-e820: [mem 0x00000000feffc000-0x00000000feffffff] reserved
2024-10-03T06:19:48.726119+09:00 vm-2500e02c-78 kernel: BIOS-e820: [mem 0x00000000fffc0000-0x00000000ffffffff] reserved
2024-10-03T06:19:48.726119+09:00 vm-2500e02c-78 kernel: NX (Execute Disable) protection: active
2024-10-03T06:19:48.726120+09:00 vm-2500e02c-78 kernel: APIC: Static calls initialized
2024-10-03T06:19:48.726120+09:00 vm-2500e02c-78 kernel: SMBIOS 2.8 present.
2024-10-03T06:19:48.726121+09:00 vm-2500e02c-78 kernel: DMI: OpenStack Foundation OpenStack Nova, BIOS 1.15.0-1 04/01/2014
2024-10-03T06:19:48.726123+09:00 vm-2500e02c-78 kernel: Hypervisor detected: KVM
2024-10-03T06:19:48.726123+09:00 vm-2500e02c-78 kernel: kvm-clock: Using msrs 4b564d01 and 4b564d00
2024-10-03T06:19:48.726124+09:00 vm-2500e02c-78 kernel: kvm-clock: using sched offset of 7137166765 cycles
2024-10-03T06:19:48.726124+09:00 vm-2500e02c-78 kernel: clocksource: kvm-clock: mask: 0xffffffffffffffff max_cycles: 0x1cd42e4dffb, max_idle_ns: 881590591483 ns
2024-10-03T06:19:48.726125+09:00 vm-2500e02c-78 kernel: tsc: Detected 2000.000 MHz processor
2024-10-03T06:19:48.726126+09:00 vm-2500e02c-78 kernel: e820: update [mem 0x00000000-0x00000fff] usable ==> reserved
2024-10-03T06:19:48.726128+09:00 vm-2500e02c-78 kernel: e820: remove [mem 0x000a0000-0x000fffff] usable
2024-10-03T06:19:48.726136+09:00 vm-2500e02c-78 kernel: last_pfn = 0x3ffdb max_arch_pfn = 0x10000000000
2024-10-03T06:19:48.726136+09:00 vm-2500e02c-78 kernel: MTRR map: 4 entries (3 fixed + 1 variable; max 19), built from 8 variable MTRRs
2024-10-03T06:19:48.726137+09:00 vm-2500e02c-78 kernel: x86/PAT: Configuration [0-7]: WB  WC  UC- UC  WB  WP  UC- WT  
2024-10-03T06:19:48.726137+09:00 vm-2500e02c-78 kernel: found SMP MP-table at [mem 0x000f5b60-0x000f5b6f]
2024-10-03T06:19:48.726138+09:00 vm-2500e02c-78 kernel: Using GB pages for direct mapping
2024-10-03T06:19:48.726140+09:00 vm-2500e02c-78 kernel: RAMDISK: [mem 0x2fff9000-0x33ff3fff]
2024-10-03T06:19:48.726140+09:00 vm-2500e02c-78 kernel: ACPI: Early table checksum verification disabled
2024-10-03T06:19:48.726140+09:00 vm-2500e02c-78 kernel: ACPI: RSDP 0x00000000000F5930 000014 (v00 BOCHS )
2024-10-03T06:19:48.726141+09:00 vm-2500e02c-78 kernel: ACPI: RSDT 0x000000003FFE184F 000030 (v01 BOCHS  BXPC     00000001 BXPC 00000001)
2024-10-03T06:19:48.726141+09:00 vm-2500e02c-78 kernel: ACPI: FACP 0x000000003FFE1733 000074 (v01 BOCHS  BXPC     00000001 BXPC 00000001)
2024-10-03T06:19:48.726142+09:00 vm-2500e02c-78 kernel: ACPI: DSDT 0x000000003FFE0040 0016F3 (v01 BOCHS  BXPC     00000001 BXPC 00000001)
2024-10-03T06:19:48.726142+09:00 vm-2500e02c-78 kernel: ACPI: FACS 0x000000003FFE0000 000040
2024-10-03T06:19:48.726144+09:00 vm-2500e02c-78 kernel: ACPI: APIC 0x000000003FFE17A7 000080 (v01 BOCHS  BXPC     00000001 BXPC 00000001)
2024-10-03T06:19:48.726145+09:00 vm-2500e02c-78 kernel: ACPI: WAET 0x000000003FFE1827 000028 (v01 BOCHS  BXPC     00000001 BXPC 00000001)
2024-10-03T06:19:48.726145+09:00 vm-2500e02c-78 kernel: ACPI: Reserving FACP table memory at [mem 0x3ffe1733-0x3ffe17a6]
2024-10-03T06:19:48.726146+09:00 vm-2500e02c-78 kernel: ACPI: Reserving DSDT table memory at [mem 0x3ffe0040-0x3ffe1732]
2024-10-03T06:19:48.726146+09:00 vm-2500e02c-78 kernel: ACPI: Reserving FACS table memory at [mem 0x3ffe0000-0x3ffe003f]
2024-10-03T06:19:48.726147+09:00 vm-2500e02c-78 kernel: ACPI: Reserving APIC table memory at [mem 0x3ffe17a7-0x3ffe1826]
2024-10-03T06:19:48.726149+09:00 vm-2500e02c-78 kernel: ACPI: Reserving WAET table memory at [mem 0x3ffe1827-0x3ffe184e]
2024-10-03T06:19:48.726149+09:00 vm-2500e02c-78 kernel: No NUMA configuration found
2024-10-03T06:19:48.726150+09:00 vm-2500e02c-78 kernel: Faking a node at [mem 0x0000000000000000-0x000000003ffdafff]
2024-10-03T06:19:48.726150+09:00 vm-2500e02c-78 kernel: NODE_DATA(0) allocated [mem 0x3ffb0000-0x3ffdafff]
2024-10-03T06:19:48.726151+09:00 vm-2500e02c-78 kernel: Zone ranges:
2024-10-03T06:19:48.726151+09:00 vm-2500e02c-78 kernel:   DMA      [mem 0x0000000000001000-0x0000000000ffffff]
2024-10-03T06:19:48.726152+09:00 vm-2500e02c-78 kernel:   DMA32    [mem 0x0000000001000000-0x000000003ffdafff]
2024-10-03T06:19:48.726154+09:00 vm-2500e02c-78 kernel:   Normal   empty
2024-10-03T06:19:48.726154+09:00 vm-2500e02c-78 kernel:   Device   empty
2024-10-03T06:19:48.726155+09:00 vm-2500e02c-78 kernel: Movable zone start for each node
2024-10-03T06:19:48.726155+09:00 vm-2500e02c-78 kernel: Early memory node ranges
2024-10-03T06:19:48.726155+09:00 vm-2500e02c-78 kernel:   node   0: [mem 0x0000000000001000-0x000000000009efff]
2024-10-03T06:19:48.726156+09:00 vm-2500e02c-78 kernel:   node   0: [mem 0x0000000000100000-0x000000003ffdafff]
2024-10-03T06:19:48.726158+09:00 vm-2500e02c-78 kernel: Initmem setup node 0 [mem 0x0000000000001000-0x000000003ffdafff]
2024-10-03T06:19:48.726158+09:00 vm-2500e02c-78 kernel: On node 0, zone DMA: 1 pages in unavailable ranges
2024-10-03T06:19:48.726159+09:00 vm-2500e02c-78 kernel: On node 0, zone DMA: 97 pages in unavailable ranges
2024-10-03T06:19:48.726159+09:00 vm-2500e02c-78 kernel: On node 0, zone DMA32: 37 pages in unavailable ranges
2024-10-03T06:19:48.726160+09:00 vm-2500e02c-78 kernel: ACPI: PM-Timer IO Port: 0x608
2024-10-03T06:19:48.726160+09:00 vm-2500e02c-78 kernel: ACPI: LAPIC_NMI (acpi_id[0xff] dfl dfl lint[0x1])
2024-10-03T06:19:48.726162+09:00 vm-2500e02c-78 kernel: IOAPIC[0]: apic_id 0, version 17, address 0xfec00000, GSI 0-23
2024-10-03T06:19:48.726163+09:00 vm-2500e02c-78 kernel: ACPI: INT_SRC_OVR (bus 0 bus_irq 0 global_irq 2 dfl dfl)
2024-10-03T06:19:48.726163+09:00 vm-2500e02c-78 kernel: ACPI: INT_SRC_OVR (bus 0 bus_irq 5 global_irq 5 high level)
2024-10-03T06:19:48.726163+09:00 vm-2500e02c-78 kernel: ACPI: INT_SRC_OVR (bus 0 bus_irq 9 global_irq 9 high level)
2024-10-03T06:19:48.726164+09:00 vm-2500e02c-78 kernel: ACPI: INT_SRC_OVR (bus 0 bus_irq 10 global_irq 10 high level)
2024-10-03T06:19:48.726165+09:00 vm-2500e02c-78 kernel: ACPI: INT_SRC_OVR (bus 0 bus_irq 11 global_irq 11 high level)
2024-10-03T06:19:48.726165+09:00 vm-2500e02c-78 kernel: ACPI: Using ACPI (MADT) for SMP configuration information
2024-10-03T06:19:48.726167+09:00 vm-2500e02c-78 kernel: TSC deadline timer available
2024-10-03T06:19:48.726168+09:00 vm-2500e02c-78 kernel: smpboot: Allowing 2 CPUs, 0 hotplug CPUs
2024-10-03T06:19:48.726168+09:00 vm-2500e02c-78 kernel: kvm-guest: APIC: eoi() replaced with kvm_guest_apic_eoi_write()
2024-10-03T06:19:48.726169+09:00 vm-2500e02c-78 kernel: PM: hibernation: Registered nosave memory: [mem 0x00000000-0x00000fff]
2024-10-03T06:19:48.726169+09:00 vm-2500e02c-78 kernel: PM: hibernation: Registered nosave memory: [mem 0x0009f000-0x0009ffff]
2024-10-03T06:19:48.726170+09:00 vm-2500e02c-78 kernel: PM: hibernation: Registered nosave memory: [mem 0x000a0000-0x000effff]
2024-10-03T06:19:48.726172+09:00 vm-2500e02c-78 kernel: PM: hibernation: Registered nosave memory: [mem 0x000f0000-0x000fffff]
2024-10-03T06:19:48.726172+09:00 vm-2500e02c-78 kernel: [mem 0x40000000-0xfeffbfff] available for PCI devices
2024-10-03T06:19:48.726173+09:00 vm-2500e02c-78 kernel: Booting paravirtualized kernel on KVM
2024-10-03T06:19:48.726173+09:00 vm-2500e02c-78 kernel: clocksource: refined-jiffies: mask: 0xffffffff max_cycles: 0xffffffff, max_idle_ns: 1910969940391419 ns
2024-10-03T06:19:48.726174+09:00 vm-2500e02c-78 kernel: setup_percpu: NR_CPUS:8192 nr_cpumask_bits:2 nr_cpu_ids:2 nr_node_ids:1
2024-10-03T06:19:48.726174+09:00 vm-2500e02c-78 kernel: percpu: Embedded 86 pages/cpu s229376 r8192 d114688 u1048576
2024-10-03T06:19:48.726176+09:00 vm-2500e02c-78 kernel: pcpu-alloc: s229376 r8192 d114688 u1048576 alloc=1*2097152
2024-10-03T06:19:48.726177+09:00 vm-2500e02c-78 kernel: pcpu-alloc: [0] 0 1 
2024-10-03T06:19:48.726177+09:00 vm-2500e02c-78 kernel: kvm-guest: PV spinlocks disabled, no host support
2024-10-03T06:19:48.726178+09:00 vm-2500e02c-78 kernel: Kernel command line: BOOT_IMAGE=/boot/vmlinuz-6.8.0-45-generic root=UUID=f5e37620-3e71-45ca-8b38-f28a7725c49f ro console=tty0 console=ttyS0,115200n8 net.ifnames=0 biosdevname=0
2024-10-03T06:19:48.726178+09:00 vm-2500e02c-78 kernel: Unknown kernel command line parameters "BOOT_IMAGE=/boot/vmlinuz-6.8.0-45-generic biosdevname=0", will be passed to user space.
2024-10-03T06:19:48.726179+09:00 vm-2500e02c-78 kernel: random: crng init done
2024-10-03T06:19:48.726181+09:00 vm-2500e02c-78 kernel: Dentry cache hash table entries: 131072 (order: 8, 1048576 bytes, linear)
2024-10-03T06:19:48.726181+09:00 vm-2500e02c-78 kernel: Inode-cache hash table entries: 65536 (order: 7, 524288 bytes, linear)
2024-10-03T06:19:48.726182+09:00 vm-2500e02c-78 kernel: Fallback order for Node 0: 0 
2024-10-03T06:19:48.726182+09:00 vm-2500e02c-78 kernel: Built 1 zonelists, mobility grouping on.  Total pages: 257755
2024-10-03T06:19:48.726183+09:00 vm-2500e02c-78 kernel: Policy zone: DMA32
2024-10-03T06:19:48.726183+09:00 vm-2500e02c-78 kernel: mem auto-init: stack:all(zero), heap alloc:on, heap free:off
2024-10-03T06:19:48.726184+09:00 vm-2500e02c-78 kernel: Memory: 910556K/1048036K available (22528K kernel code, 4442K rwdata, 14312K rodata, 4976K init, 4732K bss, 137276K reserved, 0K cma-reserved)
2024-10-03T06:19:48.726186+09:00 vm-2500e02c-78 kernel: SLUB: HWalign=64, Order=0-3, MinObjects=0, CPUs=2, Nodes=1
2024-10-03T06:19:48.726187+09:00 vm-2500e02c-78 kernel: ftrace: allocating 57892 entries in 227 pages
2024-10-03T06:19:48.726187+09:00 vm-2500e02c-78 kernel: ftrace: allocated 227 pages with 5 groups
2024-10-03T06:19:48.726187+09:00 vm-2500e02c-78 kernel: Dynamic Preempt: voluntary
2024-10-03T06:19:48.726188+09:00 vm-2500e02c-78 kernel: rcu: Preemptible hierarchical RCU implementation.
2024-10-03T06:19:48.726188+09:00 vm-2500e02c-78 kernel: rcu: 	RCU restricting CPUs from NR_CPUS=8192 to nr_cpu_ids=2.
2024-10-03T06:19:48.726190+09:00 vm-2500e02c-78 kernel: 	Trampoline variant of Tasks RCU enabled.
2024-10-03T06:19:48.726191+09:00 vm-2500e02c-78 kernel: 	Rude variant of Tasks RCU enabled.
2024-10-03T06:19:48.726191+09:00 vm-2500e02c-78 kernel: 	Tracing variant of Tasks RCU enabled.
2024-10-03T06:19:48.726192+09:00 vm-2500e02c-78 kernel: rcu: RCU calculated value of scheduler-enlistment delay is 100 jiffies.
2024-10-03T06:19:48.726192+09:00 vm-2500e02c-78 kernel: rcu: Adjusting geometry for rcu_fanout_leaf=16, nr_cpu_ids=2
2024-10-03T06:19:48.726228+09:00 vm-2500e02c-78 kernel: NR_IRQS: 524544, nr_irqs: 440, preallocated irqs: 16
2024-10-03T06:19:48.726231+09:00 vm-2500e02c-78 kernel: rcu: srcu_init: Setting srcu_struct sizes based on contention.
2024-10-03T06:19:48.726232+09:00 vm-2500e02c-78 kernel: Console: colour VGA+ 80x25
2024-10-03T06:19:48.726232+09:00 vm-2500e02c-78 kernel: printk: legacy console [tty0] enabled
2024-10-03T06:19:48.726233+09:00 vm-2500e02c-78 kernel: printk: legacy console [ttyS0] enabled
2024-10-03T06:19:48.726233+09:00 vm-2500e02c-78 kernel: ACPI: Core revision 20230628
2024-10-03T06:19:48.726234+09:00 vm-2500e02c-78 kernel: APIC: Switch to symmetric I/O mode setup
2024-10-03T06:19:48.726234+09:00 vm-2500e02c-78 kernel: x2apic enabled
2024-10-03T06:19:48.726236+09:00 vm-2500e02c-78 kernel: APIC: Switched APIC routing to: physical x2apic
2024-10-03T06:19:48.726237+09:00 vm-2500e02c-78 kernel: clocksource: tsc-early: mask: 0xffffffffffffffff max_cycles: 0x39a85c9bff6, max_idle_ns: 881590591483 ns
2024-10-03T06:19:48.726237+09:00 vm-2500e02c-78 kernel: Calibrating delay loop (skipped) preset value.. 4000.00 BogoMIPS (lpj=2000000)
2024-10-03T06:19:48.726238+09:00 vm-2500e02c-78 kernel: x86/cpu: User Mode Instruction Prevention (UMIP) activated
2024-10-03T06:19:48.726238+09:00 vm-2500e02c-78 kernel: Last level iTLB entries: 4KB 0, 2MB 0, 4MB 0
2024-10-03T06:19:48.726239+09:00 vm-2500e02c-78 kernel: Last level dTLB entries: 4KB 0, 2MB 0, 4MB 0, 1GB 0
2024-10-03T06:19:48.726240+09:00 vm-2500e02c-78 kernel: Spectre V1 : Mitigation: usercopy/swapgs barriers and __user pointer sanitization
2024-10-03T06:19:48.726241+09:00 vm-2500e02c-78 kernel: Spectre V2 : Spectre BHI mitigation: SW BHB clearing on vm exit
2024-10-03T06:19:48.726242+09:00 vm-2500e02c-78 kernel: Spectre V2 : Spectre BHI mitigation: SW BHB clearing on syscall
2024-10-03T06:19:48.726242+09:00 vm-2500e02c-78 kernel: Spectre V2 : Mitigation: Enhanced / Automatic IBRS
2024-10-03T06:19:48.726242+09:00 vm-2500e02c-78 kernel: Spectre V2 : Spectre v2 / SpectreRSB mitigation: Filling RSB on context switch
2024-10-03T06:19:48.726243+09:00 vm-2500e02c-78 kernel: Spectre V2 : mitigation: Enabling conditional Indirect Branch Prediction Barrier
2024-10-03T06:19:48.726245+09:00 vm-2500e02c-78 kernel: Speculative Store Bypass: Mitigation: Speculative Store Bypass disabled via prctl
2024-10-03T06:19:48.726245+09:00 vm-2500e02c-78 kernel: TAA: Mitigation: TSX disabled
2024-10-03T06:19:48.726246+09:00 vm-2500e02c-78 kernel: MMIO Stale Data: Vulnerable: Clear CPU buffers attempted, no microcode
2024-10-03T06:19:48.726246+09:00 vm-2500e02c-78 kernel: Register File Data Sampling: Vulnerable: No microcode
2024-10-03T06:19:48.726247+09:00 vm-2500e02c-78 kernel: x86/fpu: Supporting XSAVE feature 0x001: 'x87 floating point registers'
2024-10-03T06:19:48.726247+09:00 vm-2500e02c-78 kernel: x86/fpu: Supporting XSAVE feature 0x002: 'SSE registers'
2024-10-03T06:19:48.726248+09:00 vm-2500e02c-78 kernel: x86/fpu: Supporting XSAVE feature 0x004: 'AVX registers'
2024-10-03T06:19:48.726250+09:00 vm-2500e02c-78 kernel: x86/fpu: Supporting XSAVE feature 0x020: 'AVX-512 opmask'
2024-10-03T06:19:48.726250+09:00 vm-2500e02c-78 kernel: x86/fpu: Supporting XSAVE feature 0x040: 'AVX-512 Hi256'
2024-10-03T06:19:48.726250+09:00 vm-2500e02c-78 kernel: x86/fpu: Supporting XSAVE feature 0x080: 'AVX-512 ZMM_Hi256'
2024-10-03T06:19:48.726251+09:00 vm-2500e02c-78 kernel: x86/fpu: Supporting XSAVE feature 0x200: 'Protection Keys User registers'
2024-10-03T06:19:48.726251+09:00 vm-2500e02c-78 kernel: x86/fpu: xstate_offset[2]:  576, xstate_sizes[2]:  256
2024-10-03T06:19:48.726252+09:00 vm-2500e02c-78 kernel: x86/fpu: xstate_offset[5]:  832, xstate_sizes[5]:   64
2024-10-03T06:19:48.726254+09:00 vm-2500e02c-78 kernel: x86/fpu: xstate_offset[6]:  896, xstate_sizes[6]:  512
2024-10-03T06:19:48.726254+09:00 vm-2500e02c-78 kernel: x86/fpu: xstate_offset[7]: 1408, xstate_sizes[7]: 1024
2024-10-03T06:19:48.726255+09:00 vm-2500e02c-78 kernel: x86/fpu: xstate_offset[9]: 2432, xstate_sizes[9]:    8
2024-10-03T06:19:48.726255+09:00 vm-2500e02c-78 kernel: x86/fpu: Enabled xstate features 0x2e7, context size is 2440 bytes, using 'compacted' format.
2024-10-03T06:19:48.726256+09:00 vm-2500e02c-78 kernel: Freeing SMP alternatives memory: 48K
2024-10-03T06:19:48.726256+09:00 vm-2500e02c-78 kernel: pid_max: default: 32768 minimum: 301
2024-10-03T06:19:48.726258+09:00 vm-2500e02c-78 kernel: LSM: initializing lsm=lockdown,capability,landlock,yama,apparmor,integrity
2024-10-03T06:19:48.726259+09:00 vm-2500e02c-78 kernel: landlock: Up and running.
2024-10-03T06:19:48.726259+09:00 vm-2500e02c-78 kernel: Yama: becoming mindful.
2024-10-03T06:19:48.726260+09:00 vm-2500e02c-78 kernel: AppArmor: AppArmor initialized
2024-10-03T06:19:48.726260+09:00 vm-2500e02c-78 kernel: Mount-cache hash table entries: 2048 (order: 2, 16384 bytes, linear)
2024-10-03T06:19:48.726261+09:00 vm-2500e02c-78 kernel: Mountpoint-cache hash table entries: 2048 (order: 2, 16384 bytes, linear)
2024-10-03T06:19:48.726261+09:00 vm-2500e02c-78 kernel: smpboot: CPU0: Intel Xeon Processor (Icelake) (family: 0x6, model: 0x86, stepping: 0x0)
2024-10-03T06:19:48.726263+09:00 vm-2500e02c-78 kernel: RCU Tasks: Setting shift to 1 and lim to 1 rcu_task_cb_adjust=1.
2024-10-03T06:19:48.726264+09:00 vm-2500e02c-78 kernel: RCU Tasks Rude: Setting shift to 1 and lim to 1 rcu_task_cb_adjust=1.
2024-10-03T06:19:48.726264+09:00 vm-2500e02c-78 kernel: RCU Tasks Trace: Setting shift to 1 and lim to 1 rcu_task_cb_adjust=1.
2024-10-03T06:19:48.726265+09:00 vm-2500e02c-78 kernel: Performance Events: unsupported p6 CPU model 134 no PMU driver, software events only.
2024-10-03T06:19:48.726265+09:00 vm-2500e02c-78 kernel: signal: max sigframe size: 3632
2024-10-03T06:19:48.726265+09:00 vm-2500e02c-78 kernel: rcu: Hierarchical SRCU implementation.
2024-10-03T06:19:48.726267+09:00 vm-2500e02c-78 kernel: rcu: 	Max phase no-delay instances is 400.
2024-10-03T06:19:48.726268+09:00 vm-2500e02c-78 kernel: NMI watchdog: Perf NMI watchdog permanently disabled
2024-10-03T06:19:48.726268+09:00 vm-2500e02c-78 kernel: smp: Bringing up secondary CPUs ...
2024-10-03T06:19:48.726269+09:00 vm-2500e02c-78 kernel: smpboot: x86: Booting SMP configuration:
2024-10-03T06:19:48.726269+09:00 vm-2500e02c-78 kernel: .... node  #0, CPUs:      #1
2024-10-03T06:19:48.726269+09:00 vm-2500e02c-78 kernel: smpboot: CPU 1 Converting physical 0 to logical die 1
2024-10-03T06:19:48.726270+09:00 vm-2500e02c-78 kernel: smp: Brought up 1 node, 2 CPUs
2024-10-03T06:19:48.726272+09:00 vm-2500e02c-78 kernel: smpboot: Max logical packages: 2
2024-10-03T06:19:48.726272+09:00 vm-2500e02c-78 kernel: smpboot: Total of 2 processors activated (8000.00 BogoMIPS)
2024-10-03T06:19:48.726273+09:00 vm-2500e02c-78 kernel: devtmpfs: initialized
2024-10-03T06:19:48.726273+09:00 vm-2500e02c-78 kernel: x86/mm: Memory block size: 128MB
2024-10-03T06:19:48.726274+09:00 vm-2500e02c-78 kernel: clocksource: jiffies: mask: 0xffffffff max_cycles: 0xffffffff, max_idle_ns: 1911260446275000 ns
2024-10-03T06:19:48.726274+09:00 vm-2500e02c-78 kernel: futex hash table entries: 512 (order: 3, 32768 bytes, linear)
2024-10-03T06:19:48.726276+09:00 vm-2500e02c-78 kernel: pinctrl core: initialized pinctrl subsystem
2024-10-03T06:19:48.726277+09:00 vm-2500e02c-78 kernel: PM: RTC time: 21:19:43, date: 2024-10-02
2024-10-03T06:19:48.726277+09:00 vm-2500e02c-78 kernel: NET: Registered PF_NETLINK/PF_ROUTE protocol family
2024-10-03T06:19:48.726278+09:00 vm-2500e02c-78 kernel: DMA: preallocated 128 KiB GFP_KERNEL pool for atomic allocations
2024-10-03T06:19:48.726278+09:00 vm-2500e02c-78 kernel: DMA: preallocated 128 KiB GFP_KERNEL|GFP_DMA pool for atomic allocations
2024-10-03T06:19:48.726280+09:00 vm-2500e02c-78 kernel: DMA: preallocated 128 KiB GFP_KERNEL|GFP_DMA32 pool for atomic allocations
2024-10-03T06:19:48.726282+09:00 vm-2500e02c-78 kernel: audit: initializing netlink subsys (disabled)
2024-10-03T06:19:48.726283+09:00 vm-2500e02c-78 kernel: thermal_sys: Registered thermal governor 'fair_share'
2024-10-03T06:19:48.726283+09:00 vm-2500e02c-78 kernel: thermal_sys: Registered thermal governor 'bang_bang'
2024-10-03T06:19:48.726284+09:00 vm-2500e02c-78 kernel: thermal_sys: Registered thermal governor 'step_wise'
2024-10-03T06:19:48.726284+09:00 vm-2500e02c-78 kernel: thermal_sys: Registered thermal governor 'user_space'
2024-10-03T06:19:48.726285+09:00 vm-2500e02c-78 kernel: audit: type=2000 audit(1727903983.548:1): state=initialized audit_enabled=0 res=1
2024-10-03T06:19:48.726285+09:00 vm-2500e02c-78 kernel: thermal_sys: Registered thermal governor 'power_allocator'
2024-10-03T06:19:48.726287+09:00 vm-2500e02c-78 kernel: EISA bus registered
2024-10-03T06:19:48.726288+09:00 vm-2500e02c-78 kernel: cpuidle: using governor ladder
2024-10-03T06:19:48.726288+09:00 vm-2500e02c-78 kernel: cpuidle: using governor menu
2024-10-03T06:19:48.726288+09:00 vm-2500e02c-78 kernel: acpiphp: ACPI Hot Plug PCI Controller Driver version: 0.5
2024-10-03T06:19:48.726289+09:00 vm-2500e02c-78 kernel: PCI: Using configuration type 1 for base access
2024-10-03T06:19:48.726289+09:00 vm-2500e02c-78 kernel: kprobes: kprobe jump-optimization is enabled. All kprobes are optimized if possible.
2024-10-03T06:19:48.726291+09:00 vm-2500e02c-78 kernel: HugeTLB: registered 1.00 GiB page size, pre-allocated 0 pages
2024-10-03T06:19:48.726292+09:00 vm-2500e02c-78 kernel: HugeTLB: 16380 KiB vmemmap can be freed for a 1.00 GiB page
2024-10-03T06:19:48.726292+09:00 vm-2500e02c-78 kernel: HugeTLB: registered 2.00 MiB page size, pre-allocated 0 pages
2024-10-03T06:19:48.726292+09:00 vm-2500e02c-78 kernel: HugeTLB: 28 KiB vmemmap can be freed for a 2.00 MiB page
2024-10-03T06:19:48.726293+09:00 vm-2500e02c-78 kernel: ACPI: Added _OSI(Module Device)
2024-10-03T06:19:48.726293+09:00 vm-2500e02c-78 kernel: ACPI: Added _OSI(Processor Device)
2024-10-03T06:19:48.726294+09:00 vm-2500e02c-78 kernel: ACPI: Added _OSI(3.0 _SCP Extensions)
2024-10-03T06:19:48.726297+09:00 vm-2500e02c-78 kernel: ACPI: Added _OSI(Processor Aggregator Device)
2024-10-03T06:19:48.726297+09:00 vm-2500e02c-78 kernel: ACPI: 1 ACPI AML tables successfully acquired and loaded
2024-10-03T06:19:48.726298+09:00 vm-2500e02c-78 kernel: ACPI: _OSC evaluation for CPUs failed, trying _PDC
2024-10-03T06:19:48.726298+09:00 vm-2500e02c-78 kernel: ACPI: Interpreter enabled
2024-10-03T06:19:48.726299+09:00 vm-2500e02c-78 kernel: ACPI: PM: (supports S0 S3 S4 S5)
2024-10-03T06:19:48.726299+09:00 vm-2500e02c-78 kernel: ACPI: Using IOAPIC for interrupt routing
2024-10-03T06:19:48.726307+09:00 vm-2500e02c-78 kernel: PCI: Using host bridge windows from ACPI; if necessary, use "pci=nocrs" and report a bug
2024-10-03T06:19:48.726307+09:00 vm-2500e02c-78 kernel: PCI: Using E820 reservations for host bridge windows
2024-10-03T06:19:48.726308+09:00 vm-2500e02c-78 kernel: ACPI: Enabled 2 GPEs in block 00 to 0F
2024-10-03T06:19:48.726308+09:00 vm-2500e02c-78 kernel: ACPI: PCI Root Bridge [PCI0] (domain 0000 [bus 00-ff])
2024-10-03T06:19:48.726309+09:00 vm-2500e02c-78 kernel: acpi PNP0A03:00: _OSC: OS supports [ASPM ClockPM Segments MSI EDR HPX-Type3]
2024-10-03T06:19:48.726309+09:00 vm-2500e02c-78 kernel: acpi PNP0A03:00: _OSC: not requesting OS control; OS requires [ExtendedConfig ASPM ClockPM MSI]
2024-10-03T06:19:48.726312+09:00 vm-2500e02c-78 kernel: acpi PNP0A03:00: fail to add MMCONFIG information, can't access extended configuration space under this bridge
2024-10-03T06:19:48.726313+09:00 vm-2500e02c-78 kernel: acpiphp: Slot [3] registered
2024-10-03T06:19:48.726313+09:00 vm-2500e02c-78 kernel: acpiphp: Slot [4] registered
2024-10-03T06:19:48.726314+09:00 vm-2500e02c-78 kernel: acpiphp: Slot [5] registered
2024-10-03T06:19:48.726314+09:00 vm-2500e02c-78 kernel: acpiphp: Slot [6] registered
2024-10-03T06:19:48.726315+09:00 vm-2500e02c-78 kernel: acpiphp: Slot [7] registered
2024-10-03T06:19:48.726315+09:00 vm-2500e02c-78 kernel: acpiphp: Slot [8] registered
2024-10-03T06:19:48.726318+09:00 vm-2500e02c-78 kernel: acpiphp: Slot [9] registered
2024-10-03T06:19:48.726318+09:00 vm-2500e02c-78 kernel: acpiphp: Slot [10] registered
2024-10-03T06:19:48.726319+09:00 vm-2500e02c-78 kernel: acpiphp: Slot [11] registered
2024-10-03T06:19:48.726319+09:00 vm-2500e02c-78 kernel: acpiphp: Slot [12] registered
2024-10-03T06:19:48.726350+09:00 vm-2500e02c-78 kernel: acpiphp: Slot [13] registered
2024-10-03T06:19:48.726351+09:00 vm-2500e02c-78 kernel: acpiphp: Slot [14] registered
2024-10-03T06:19:48.726354+09:00 vm-2500e02c-78 kernel: acpiphp: Slot [15] registered
2024-10-03T06:19:48.726354+09:00 vm-2500e02c-78 kernel: acpiphp: Slot [16] registered
2024-10-03T06:19:48.726355+09:00 vm-2500e02c-78 kernel: acpiphp: Slot [17] registered
2024-10-03T06:19:48.726355+09:00 vm-2500e02c-78 kernel: acpiphp: Slot [18] registered
2024-10-03T06:19:48.726356+09:00 vm-2500e02c-78 kernel: acpiphp: Slot [19] registered
2024-10-03T06:19:48.726356+09:00 vm-2500e02c-78 kernel: acpiphp: Slot [20] registered
2024-10-03T06:19:48.726359+09:00 vm-2500e02c-78 kernel: acpiphp: Slot [21] registered
2024-10-03T06:19:48.726359+09:00 vm-2500e02c-78 kernel: acpiphp: Slot [22] registered
2024-10-03T06:19:48.726360+09:00 vm-2500e02c-78 kernel: acpiphp: Slot [23] registered
2024-10-03T06:19:48.726360+09:00 vm-2500e02c-78 kernel: acpiphp: Slot [24] registered
2024-10-03T06:19:48.726361+09:00 vm-2500e02c-78 kernel: acpiphp: Slot [25] registered
2024-10-03T06:19:48.726361+09:00 vm-2500e02c-78 kernel: acpiphp: Slot [26] registered
2024-10-03T06:19:48.726362+09:00 vm-2500e02c-78 kernel: acpiphp: Slot [27] registered
2024-10-03T06:19:48.726364+09:00 vm-2500e02c-78 kernel: acpiphp: Slot [28] registered
2024-10-03T06:19:48.726365+09:00 vm-2500e02c-78 kernel: acpiphp: Slot [29] registered
2024-10-03T06:19:48.726365+09:00 vm-2500e02c-78 kernel: acpiphp: Slot [30] registered
2024-10-03T06:19:48.726366+09:00 vm-2500e02c-78 kernel: acpiphp: Slot [31] registered
2024-10-03T06:19:48.726366+09:00 vm-2500e02c-78 kernel: PCI host bridge to bus 0000:00
2024-10-03T06:19:48.726367+09:00 vm-2500e02c-78 kernel: pci_bus 0000:00: root bus resource [io  0x0000-0x0cf7 window]
2024-10-03T06:19:48.726369+09:00 vm-2500e02c-78 kernel: pci_bus 0000:00: root bus resource [io  0x0d00-0xffff window]
2024-10-03T06:19:48.726370+09:00 vm-2500e02c-78 kernel: pci_bus 0000:00: root bus resource [mem 0x000a0000-0x000bffff window]
2024-10-03T06:19:48.726370+09:00 vm-2500e02c-78 kernel: pci_bus 0000:00: root bus resource [mem 0x40000000-0xfebfffff window]
2024-10-03T06:19:48.726371+09:00 vm-2500e02c-78 kernel: pci_bus 0000:00: root bus resource [mem 0x100000000-0x17fffffff window]
2024-10-03T06:19:48.726371+09:00 vm-2500e02c-78 kernel: pci_bus 0000:00: root bus resource [bus 00-ff]
2024-10-03T06:19:48.726372+09:00 vm-2500e02c-78 kernel: pci 0000:00:00.0: [8086:1237] type 00 class 0x060000 conventional PCI endpoint
2024-10-03T06:19:48.726372+09:00 vm-2500e02c-78 kernel: pci 0000:00:01.0: [8086:7000] type 00 class 0x060100 conventional PCI endpoint
2024-10-03T06:19:48.726375+09:00 vm-2500e02c-78 kernel: pci 0000:00:01.1: [8086:7010] type 00 class 0x010180 conventional PCI endpoint
2024-10-03T06:19:48.726376+09:00 vm-2500e02c-78 kernel: pci 0000:00:01.1: BAR 4 [io  0xc180-0xc18f]
2024-10-03T06:19:48.726376+09:00 vm-2500e02c-78 kernel: pci 0000:00:01.1: BAR 0 [io  0x01f0-0x01f7]: legacy IDE quirk
2024-10-03T06:19:48.726377+09:00 vm-2500e02c-78 kernel: pci 0000:00:01.1: BAR 1 [io  0x03f6]: legacy IDE quirk
2024-10-03T06:19:48.726377+09:00 vm-2500e02c-78 kernel: pci 0000:00:01.1: BAR 2 [io  0x0170-0x0177]: legacy IDE quirk
2024-10-03T06:19:48.726378+09:00 vm-2500e02c-78 kernel: pci 0000:00:01.1: BAR 3 [io  0x0376]: legacy IDE quirk
2024-10-03T06:19:48.726380+09:00 vm-2500e02c-78 kernel: pci 0000:00:01.2: [8086:7020] type 00 class 0x0c0300 conventional PCI endpoint
2024-10-03T06:19:48.726381+09:00 vm-2500e02c-78 kernel: pci 0000:00:01.2: BAR 4 [io  0xc140-0xc15f]
2024-10-03T06:19:48.726381+09:00 vm-2500e02c-78 kernel: pci 0000:00:01.3: [8086:7113] type 00 class 0x068000 conventional PCI endpoint
2024-10-03T06:19:48.726382+09:00 vm-2500e02c-78 kernel: pci 0000:00:01.3: quirk: [io  0x0600-0x063f] claimed by PIIX4 ACPI
2024-10-03T06:19:48.726382+09:00 vm-2500e02c-78 kernel: pci 0000:00:01.3: quirk: [io  0x0700-0x070f] claimed by PIIX4 SMB
2024-10-03T06:19:48.726383+09:00 vm-2500e02c-78 kernel: pci 0000:00:02.0: [1234:1111] type 00 class 0x030000 conventional PCI endpoint
2024-10-03T06:19:48.726385+09:00 vm-2500e02c-78 kernel: pci 0000:00:02.0: BAR 0 [mem 0xfd000000-0xfdffffff pref]
2024-10-03T06:19:48.726386+09:00 vm-2500e02c-78 kernel: pci 0000:00:02.0: BAR 2 [mem 0xfeb90000-0xfeb90fff]
2024-10-03T06:19:48.726386+09:00 vm-2500e02c-78 kernel: pci 0000:00:02.0: ROM [mem 0xfeb80000-0xfeb8ffff pref]
2024-10-03T06:19:48.726387+09:00 vm-2500e02c-78 kernel: pci 0000:00:02.0: Video device with shadowed ROM at [mem 0x000c0000-0x000dffff]
2024-10-03T06:19:48.726387+09:00 vm-2500e02c-78 kernel: pci 0000:00:03.0: [1af4:1000] type 00 class 0x020000 conventional PCI endpoint
2024-10-03T06:19:48.726388+09:00 vm-2500e02c-78 kernel: pci 0000:00:03.0: BAR 0 [io  0xc080-0xc0bf]
2024-10-03T06:19:48.726388+09:00 vm-2500e02c-78 kernel: pci 0000:00:03.0: BAR 1 [mem 0xfeb91000-0xfeb91fff]
2024-10-03T06:19:48.726391+09:00 vm-2500e02c-78 kernel: pci 0000:00:03.0: BAR 4 [mem 0xfe000000-0xfe003fff 64bit pref]
2024-10-03T06:19:48.726391+09:00 vm-2500e02c-78 kernel: pci 0000:00:03.0: ROM [mem 0xfeb00000-0xfeb7ffff pref]
2024-10-03T06:19:48.726392+09:00 vm-2500e02c-78 kernel: pci 0000:00:04.0: [1af4:1003] type 00 class 0x078000 conventional PCI endpoint
2024-10-03T06:19:48.726392+09:00 vm-2500e02c-78 kernel: pci 0000:00:04.0: BAR 0 [io  0xc0c0-0xc0ff]
2024-10-03T06:19:48.726393+09:00 vm-2500e02c-78 kernel: pci 0000:00:04.0: BAR 1 [mem 0xfeb92000-0xfeb92fff]
2024-10-03T06:19:48.726393+09:00 vm-2500e02c-78 kernel: pci 0000:00:04.0: BAR 4 [mem 0xfe004000-0xfe007fff 64bit pref]
2024-10-03T06:19:48.726396+09:00 vm-2500e02c-78 kernel: pci 0000:00:05.0: [1af4:1001] type 00 class 0x010000 conventional PCI endpoint
2024-10-03T06:19:48.726396+09:00 vm-2500e02c-78 kernel: pci 0000:00:05.0: BAR 0 [io  0xc000-0xc07f]
2024-10-03T06:19:48.726397+09:00 vm-2500e02c-78 kernel: pci 0000:00:05.0: BAR 1 [mem 0xfeb93000-0xfeb93fff]
2024-10-03T06:19:48.726397+09:00 vm-2500e02c-78 kernel: pci 0000:00:05.0: BAR 4 [mem 0xfe008000-0xfe00bfff 64bit pref]
2024-10-03T06:19:48.726398+09:00 vm-2500e02c-78 kernel: pci 0000:00:06.0: [1af4:1002] type 00 class 0x00ff00 conventional PCI endpoint
2024-10-03T06:19:48.726398+09:00 vm-2500e02c-78 kernel: pci 0000:00:06.0: BAR 0 [io  0xc100-0xc13f]
2024-10-03T06:19:48.726399+09:00 vm-2500e02c-78 kernel: pci 0000:00:06.0: BAR 4 [mem 0xfe00c000-0xfe00ffff 64bit pref]
2024-10-03T06:19:48.726401+09:00 vm-2500e02c-78 kernel: pci 0000:00:07.0: [1af4:1005] type 00 class 0x00ff00 conventional PCI endpoint
2024-10-03T06:19:48.726402+09:00 vm-2500e02c-78 kernel: pci 0000:00:07.0: BAR 0 [io  0xc160-0xc17f]
2024-10-03T06:19:48.726402+09:00 vm-2500e02c-78 kernel: pci 0000:00:07.0: BAR 4 [mem 0xfe010000-0xfe013fff 64bit pref]
2024-10-03T06:19:48.726402+09:00 vm-2500e02c-78 kernel: ACPI: PCI: Interrupt link LNKA configured for IRQ 10
2024-10-03T06:19:48.726403+09:00 vm-2500e02c-78 kernel: ACPI: PCI: Interrupt link LNKB configured for IRQ 10
2024-10-03T06:19:48.726403+09:00 vm-2500e02c-78 kernel: ACPI: PCI: Interrupt link LNKC configured for IRQ 11
2024-10-03T06:19:48.726406+09:00 vm-2500e02c-78 kernel: ACPI: PCI: Interrupt link LNKD configured for IRQ 11
2024-10-03T06:19:48.726407+09:00 vm-2500e02c-78 kernel: ACPI: PCI: Interrupt link LNKS configured for IRQ 9
2024-10-03T06:19:48.726407+09:00 vm-2500e02c-78 kernel: iommu: Default domain type: Translated
2024-10-03T06:19:48.726407+09:00 vm-2500e02c-78 kernel: iommu: DMA domain TLB invalidation policy: lazy mode
2024-10-03T06:19:48.726408+09:00 vm-2500e02c-78 kernel: SCSI subsystem initialized
2024-10-03T06:19:48.726408+09:00 vm-2500e02c-78 kernel: libata version 3.00 loaded.
2024-10-03T06:19:48.726412+09:00 vm-2500e02c-78 kernel: ACPI: bus type USB registered
2024-10-03T06:19:48.726413+09:00 vm-2500e02c-78 kernel: usbcore: registered new interface driver usbfs
2024-10-03T06:19:48.726413+09:00 vm-2500e02c-78 kernel: usbcore: registered new interface driver hub
2024-10-03T06:19:48.726414+09:00 vm-2500e02c-78 kernel: usbcore: registered new device driver usb
2024-10-03T06:19:48.726414+09:00 vm-2500e02c-78 kernel: pps_core: LinuxPPS API ver. 1 registered
2024-10-03T06:19:48.726415+09:00 vm-2500e02c-78 kernel: pps_core: Software ver. 5.3.6 - Copyright 2005-2007 Rodolfo Giometti <giometti@linux.it>
2024-10-03T06:19:48.726415+09:00 vm-2500e02c-78 kernel: PTP clock support registered
2024-10-03T06:19:48.726418+09:00 vm-2500e02c-78 kernel: EDAC MC: Ver: 3.0.0
2024-10-03T06:19:48.726419+09:00 vm-2500e02c-78 kernel: NetLabel: Initializing
2024-10-03T06:19:48.726419+09:00 vm-2500e02c-78 kernel: NetLabel:  domain hash size = 128
2024-10-03T06:19:48.726420+09:00 vm-2500e02c-78 kernel: NetLabel:  protocols = UNLABELED CIPSOv4 CALIPSO
2024-10-03T06:19:48.726420+09:00 vm-2500e02c-78 kernel: NetLabel:  unlabeled traffic allowed by default
2024-10-03T06:19:48.726420+09:00 vm-2500e02c-78 kernel: mctp: management component transport protocol core
2024-10-03T06:19:48.726423+09:00 vm-2500e02c-78 kernel: NET: Registered PF_MCTP protocol family
2024-10-03T06:19:48.726424+09:00 vm-2500e02c-78 kernel: PCI: Using ACPI for IRQ routing
2024-10-03T06:19:48.726424+09:00 vm-2500e02c-78 kernel: PCI: pci_cache_line_size set to 64 bytes
2024-10-03T06:19:48.726425+09:00 vm-2500e02c-78 kernel: e820: reserve RAM buffer [mem 0x0009fc00-0x0009ffff]
2024-10-03T06:19:48.726425+09:00 vm-2500e02c-78 kernel: e820: reserve RAM buffer [mem 0x3ffdb000-0x3fffffff]
2024-10-03T06:19:48.726426+09:00 vm-2500e02c-78 kernel: pci 0000:00:02.0: vgaarb: setting as boot VGA device
2024-10-03T06:19:48.726426+09:00 vm-2500e02c-78 kernel: pci 0000:00:02.0: vgaarb: bridge control possible
2024-10-03T06:19:48.726429+09:00 vm-2500e02c-78 kernel: pci 0000:00:02.0: vgaarb: VGA device added: decodes=io+mem,owns=io+mem,locks=none
2024-10-03T06:19:48.726429+09:00 vm-2500e02c-78 kernel: vgaarb: loaded
2024-10-03T06:19:48.726430+09:00 vm-2500e02c-78 kernel: clocksource: Switched to clocksource kvm-clock
2024-10-03T06:19:48.726430+09:00 vm-2500e02c-78 kernel: VFS: Disk quotas dquot_6.6.0
2024-10-03T06:19:48.726431+09:00 vm-2500e02c-78 kernel: VFS: Dquot-cache hash table entries: 512 (order 0, 4096 bytes)
2024-10-03T06:19:48.726431+09:00 vm-2500e02c-78 kernel: AppArmor: AppArmor Filesystem Enabled
2024-10-03T06:19:48.726434+09:00 vm-2500e02c-78 kernel: pnp: PnP ACPI init
2024-10-03T06:19:48.726434+09:00 vm-2500e02c-78 kernel: pnp 00:03: [dma 2]
2024-10-03T06:19:48.726435+09:00 vm-2500e02c-78 kernel: pnp: PnP ACPI: found 5 devices
2024-10-03T06:19:48.726435+09:00 vm-2500e02c-78 kernel: clocksource: acpi_pm: mask: 0xffffff max_cycles: 0xffffff, max_idle_ns: 2085701024 ns
2024-10-03T06:19:48.726436+09:00 vm-2500e02c-78 kernel: NET: Registered PF_INET protocol family
2024-10-03T06:19:48.726436+09:00 vm-2500e02c-78 kernel: IP idents hash table entries: 16384 (order: 5, 131072 bytes, linear)
2024-10-03T06:19:48.726439+09:00 vm-2500e02c-78 kernel: tcp_listen_portaddr_hash hash table entries: 512 (order: 1, 8192 bytes, linear)
2024-10-03T06:19:48.726439+09:00 vm-2500e02c-78 kernel: Table-perturb hash table entries: 65536 (order: 6, 262144 bytes, linear)
2024-10-03T06:19:48.726440+09:00 vm-2500e02c-78 kernel: TCP established hash table entries: 8192 (order: 4, 65536 bytes, linear)
2024-10-03T06:19:48.726440+09:00 vm-2500e02c-78 kernel: TCP bind hash table entries: 8192 (order: 6, 262144 bytes, linear)
2024-10-03T06:19:48.726441+09:00 vm-2500e02c-78 kernel: TCP: Hash tables configured (established 8192 bind 8192)
2024-10-03T06:19:48.726441+09:00 vm-2500e02c-78 kernel: MPTCP token hash table entries: 1024 (order: 2, 24576 bytes, linear)
2024-10-03T06:19:48.726442+09:00 vm-2500e02c-78 kernel: UDP hash table entries: 512 (order: 2, 16384 bytes, linear)
2024-10-03T06:19:48.726444+09:00 vm-2500e02c-78 kernel: UDP-Lite hash table entries: 512 (order: 2, 16384 bytes, linear)
2024-10-03T06:19:48.726445+09:00 vm-2500e02c-78 kernel: NET: Registered PF_UNIX/PF_LOCAL protocol family
2024-10-03T06:19:48.726445+09:00 vm-2500e02c-78 kernel: NET: Registered PF_XDP protocol family
2024-10-03T06:19:48.726446+09:00 vm-2500e02c-78 kernel: pci_bus 0000:00: resource 4 [io  0x0000-0x0cf7 window]
2024-10-03T06:19:48.726446+09:00 vm-2500e02c-78 kernel: pci_bus 0000:00: resource 5 [io  0x0d00-0xffff window]
2024-10-03T06:19:48.726447+09:00 vm-2500e02c-78 kernel: pci_bus 0000:00: resource 6 [mem 0x000a0000-0x000bffff window]
2024-10-03T06:19:48.726479+09:00 vm-2500e02c-78 kernel: pci_bus 0000:00: resource 7 [mem 0x40000000-0xfebfffff window]
2024-10-03T06:19:48.726480+09:00 vm-2500e02c-78 kernel: pci_bus 0000:00: resource 8 [mem 0x100000000-0x17fffffff window]
2024-10-03T06:19:48.726480+09:00 vm-2500e02c-78 kernel: pci 0000:00:01.0: PIIX3: Enabling Passive Release
2024-10-03T06:19:48.726481+09:00 vm-2500e02c-78 kernel: pci 0000:00:00.0: Limiting direct PCI/PCI transfers
2024-10-03T06:19:48.726481+09:00 vm-2500e02c-78 kernel: ACPI: \_SB_.LNKD: Enabled at IRQ 11
2024-10-03T06:19:48.726482+09:00 vm-2500e02c-78 kernel: pci 0000:00:01.2: quirk_usb_early_handoff+0x0/0x190 took 25929 usecs
2024-10-03T06:19:48.726482+09:00 vm-2500e02c-78 kernel: PCI: CLS 0 bytes, default 64
2024-10-03T06:19:48.726485+09:00 vm-2500e02c-78 kernel: Trying to unpack rootfs image as initramfs...
2024-10-03T06:19:48.726485+09:00 vm-2500e02c-78 kernel: clocksource: tsc: mask: 0xffffffffffffffff max_cycles: 0x39a85c9bff6, max_idle_ns: 881590591483 ns
2024-10-03T06:19:48.726486+09:00 vm-2500e02c-78 kernel: Initialise system trusted keyrings
